<html>
<body>
<pre>
<h1>µVision Build Log</h1>
<h2>Tool Versions:</h2>
IDE-Version: µVision V5.21.1.0
Copyright (C) 2016 ARM Ltd and ARM Germany GmbH. All rights reserved.
License Information: Joseph Garcia, University of Maine, LIC=----
 
Tool Versions:
Toolchain:       MDK-Lite  Version: 5.21a
Toolchain Path:  C:\Keil\ARM\ARMCC\Bin
C Compiler:      Armcc.exe V5.06 update 3 (build 300)
Assembler:       Armasm.exe V5.06 update 3 (build 300)
Linker/Locator:  ArmLink.exe V5.06 update 3 (build 300)
Library Manager: ArmAr.exe V5.06 update 3 (build 300)
Hex Converter:   FromElf.exe V5.06 update 3 (build 300)
CPU DLL:         SARMCM3.DLL V5.21a
Dialog DLL:      DCM.DLL V1.13.8.0
Target DLL:      STLink\ST-LINKIII-KEIL_SWO.dll V2.0.18.0
Dialog DLL:      TCM.DLL V1.14.14.0
 
<h2>Project:</h2>
C:\Users\Joey\Desktop\en.stm32cubel1\STM32Cube_FW_L1_V1.6.0\Projects\STM32L152D_EVAL\Applications\TouchSensing\TouchSensing_Linear_swacq\MDK-ARM\Project.uvprojx
Project File Date:  09/29/2016

<h2>Output:</h2>
*** Using Compiler 'V5.06 update 3 (build 300)', folder: 'C:\Keil\ARM\ARMCC\Bin'
Rebuild target 'STM32L152D_EVAL'
compiling stm32l1xx_hal_rcc_ex.c...
compiling stm32l1xx_hal_pwr_ex.c...
compiling stm32l1xx_hal_dma.c...
compiling stm32l1xx_hal.c...
compiling stmCriticalSection.c...
compiling stm32l1xx_hal_gpio.c...
compiling system_stm32l1xx.c...
compiling stm32l1xx_hal_rcc.c...
assembling startup_stm32l152xd.s...
compiling stm32l1xx_hal_pwr.c...
compiling stm32l1xx_hal_cortex.c...
compiling stm32l1xx_it.c...
compiling stm32l1xx_hal_msp.c...
compiling main.c...
compiling tsl_user.c...
compiling tsl_filter.c...
compiling tsl_time_stm32l1xx.c...
compiling tsl_time.c...
compiling tsl_touchkey.c...
compiling tsl_dxs.c...
compiling tsl_acq.c...
compiling tsl_object.c...
compiling tsl_acq_stm32l1xx_sw.c...
compiling tsl_ecs.c...
compiling tsl.c...
compiling tsl_globals.c...
compiling stm32l152d_eval.c...
compiling tsl_linrot.c...
linking...
Program Size: Code=10700 RO-data=1060 RW-data=252 ZI-data=1252  
"STM32L152D_EVAL\STM32L152D_EVAL.axf" - 0 Error(s), 0 Warning(s).

<h2>Software Packages used:</h2>

Package Vendor: ARM
                http://www.keil.com/pack/ARM.CMSIS.5.0.0-Beta4.pack
                ARM::CMSIS:CORE:5.0.0
                CMSIS (Cortex Microcontroller Software Interface Standard)
   * Component: CORE Version: 5.0.0

<h2>Collection of Component include folders:</h2>
  C:\Users\Joey\Desktop\en.stm32cubel1\STM32Cube_FW_L1_V1.6.0\Projects\STM32L152D_EVAL\Applications\TouchSensing\TouchSensing_Linear_swacq\MDK-ARM\RTE
  C:\Keil\ARM\PACK\ARM\CMSIS\5.0.0-Beta4\CMSIS\Include
  C:\Keil\ARM\PACK\Keil\STM32L1xx_DFP\1.1.0\Device\Include

<h2>Collection of Component Files used:</h2>

   * Component: ARM::CMSIS:CORE:5.0.0
Build Time Elapsed:  00:00:22
</pre>
</body>
</html>
