Component: ARM Compiler 5.06 update 3 (build 300) Tool: armlink [4d35c9]

==============================================================================

Section Cross References

    system_stm32l1xx.o(i.SystemCoreClockUpdate) refers to system_stm32l1xx.o(.data) for .data
    system_stm32l1xx.o(i.SystemCoreClockUpdate) refers to system_stm32l1xx.o(.constdata) for .constdata
    stm32l1xx_hal.o(i.HAL_DeInit) refers to stm32l1xx_hal_msp.o(i.HAL_MspDeInit) for HAL_MspDeInit
    stm32l1xx_hal.o(i.HAL_Delay) refers to stm32l1xx_hal.o(i.HAL_GetTick) for HAL_GetTick
    stm32l1xx_hal.o(i.HAL_GetTick) refers to stm32l1xx_hal.o(.data) for .data
    stm32l1xx_hal.o(i.HAL_IncTick) refers to stm32l1xx_hal.o(.data) for .data
    stm32l1xx_hal.o(i.HAL_Init) refers to stm32l1xx_hal_cortex.o(i.HAL_NVIC_SetPriorityGrouping) for HAL_NVIC_SetPriorityGrouping
    stm32l1xx_hal.o(i.HAL_Init) refers to stm32l1xx_hal.o(i.HAL_InitTick) for HAL_InitTick
    stm32l1xx_hal.o(i.HAL_Init) refers to stm32l1xx_hal_msp.o(i.HAL_MspInit) for HAL_MspInit
    stm32l1xx_hal.o(i.HAL_InitTick) refers to stm32l1xx_hal_cortex.o(i.HAL_SYSTICK_Config) for HAL_SYSTICK_Config
    stm32l1xx_hal.o(i.HAL_InitTick) refers to stm32l1xx_hal_cortex.o(i.HAL_NVIC_SetPriority) for HAL_NVIC_SetPriority
    stm32l1xx_hal.o(i.HAL_InitTick) refers to system_stm32l1xx.o(.data) for SystemCoreClock
    stm32l1xx_hal_rcc.o(i.HAL_RCC_ClockConfig) refers to stm32l1xx_hal.o(i.HAL_GetTick) for HAL_GetTick
    stm32l1xx_hal_rcc.o(i.HAL_RCC_ClockConfig) refers to stm32l1xx_hal_rcc.o(i.HAL_RCC_GetSysClockFreq) for HAL_RCC_GetSysClockFreq
    stm32l1xx_hal_rcc.o(i.HAL_RCC_ClockConfig) refers to stm32l1xx_hal.o(i.HAL_InitTick) for HAL_InitTick
    stm32l1xx_hal_rcc.o(i.HAL_RCC_ClockConfig) refers to system_stm32l1xx.o(.constdata) for AHBPrescTable
    stm32l1xx_hal_rcc.o(i.HAL_RCC_ClockConfig) refers to system_stm32l1xx.o(.data) for SystemCoreClock
    stm32l1xx_hal_rcc.o(i.HAL_RCC_DeInit) refers to system_stm32l1xx.o(.data) for SystemCoreClock
    stm32l1xx_hal_rcc.o(i.HAL_RCC_GetHCLKFreq) refers to system_stm32l1xx.o(.data) for SystemCoreClock
    stm32l1xx_hal_rcc.o(i.HAL_RCC_GetPCLK1Freq) refers to system_stm32l1xx.o(.data) for SystemCoreClock
    stm32l1xx_hal_rcc.o(i.HAL_RCC_GetPCLK1Freq) refers to system_stm32l1xx.o(.constdata) for APBPrescTable
    stm32l1xx_hal_rcc.o(i.HAL_RCC_GetPCLK2Freq) refers to system_stm32l1xx.o(.data) for SystemCoreClock
    stm32l1xx_hal_rcc.o(i.HAL_RCC_GetPCLK2Freq) refers to system_stm32l1xx.o(.constdata) for APBPrescTable
    stm32l1xx_hal_rcc.o(i.HAL_RCC_GetSysClockFreq) refers to system_stm32l1xx.o(.constdata) for PLLMulTable
    stm32l1xx_hal_rcc.o(i.HAL_RCC_MCOConfig) refers to memseta.o(.text) for __aeabi_memclr4
    stm32l1xx_hal_rcc.o(i.HAL_RCC_MCOConfig) refers to stm32l1xx_hal_gpio.o(i.HAL_GPIO_Init) for HAL_GPIO_Init
    stm32l1xx_hal_rcc.o(i.HAL_RCC_NMI_IRQHandler) refers to stm32l1xx_hal_rcc.o(i.HAL_RCC_CSSCallback) for HAL_RCC_CSSCallback
    stm32l1xx_hal_rcc.o(i.HAL_RCC_OscConfig) refers to stm32l1xx_hal.o(i.HAL_GetTick) for HAL_GetTick
    stm32l1xx_hal_rcc.o(i.HAL_RCC_OscConfig) refers to stm32l1xx_hal_rcc.o(i.RCC_SetFlashLatencyFromMSIRange) for RCC_SetFlashLatencyFromMSIRange
    stm32l1xx_hal_rcc.o(i.HAL_RCC_OscConfig) refers to stm32l1xx_hal.o(i.HAL_InitTick) for HAL_InitTick
    stm32l1xx_hal_rcc.o(i.HAL_RCC_OscConfig) refers to system_stm32l1xx.o(.constdata) for AHBPrescTable
    stm32l1xx_hal_rcc.o(i.HAL_RCC_OscConfig) refers to system_stm32l1xx.o(.data) for SystemCoreClock
    stm32l1xx_hal_rcc.o(i.RCC_SetFlashLatencyFromMSIRange) refers to stm32l1xx_hal_pwr_ex.o(i.HAL_PWREx_GetVoltageRange) for HAL_PWREx_GetVoltageRange
    stm32l1xx_hal_gpio.o(i.HAL_GPIO_EXTI_IRQHandler) refers to stm32l1xx_hal_gpio.o(i.HAL_GPIO_EXTI_Callback) for HAL_GPIO_EXTI_Callback
    stm32l1xx_hal_dma.o(i.HAL_DMA_PollForTransfer) refers to stm32l1xx_hal.o(i.HAL_GetTick) for HAL_GetTick
    stm32l1xx_hal_dma.o(i.HAL_DMA_Start) refers to stm32l1xx_hal_dma.o(i.DMA_SetConfig) for DMA_SetConfig
    stm32l1xx_hal_dma.o(i.HAL_DMA_Start_IT) refers to stm32l1xx_hal_dma.o(i.DMA_SetConfig) for DMA_SetConfig
    stm32l1xx_hal_rcc_ex.o(i.HAL_RCCEx_LSECSS_IRQHandler) refers to stm32l1xx_hal_rcc_ex.o(i.HAL_RCCEx_LSECSS_Callback) for HAL_RCCEx_LSECSS_Callback
    stm32l1xx_hal_rcc_ex.o(i.HAL_RCCEx_PeriphCLKConfig) refers to stm32l1xx_hal.o(i.HAL_GetTick) for HAL_GetTick
    stm32l1xx_hal_cortex.o(i.HAL_NVIC_SetPriority) refers to stm32l1xx_hal_cortex.o(i.NVIC_SetPriority) for NVIC_SetPriority
    stm32l1xx_hal_cortex.o(i.HAL_SYSTICK_Config) refers to stm32l1xx_hal_cortex.o(i.NVIC_SetPriority) for NVIC_SetPriority
    stm32l1xx_hal_cortex.o(i.HAL_SYSTICK_IRQHandler) refers to stm32l1xx_hal_cortex.o(i.HAL_SYSTICK_Callback) for HAL_SYSTICK_Callback
    stm32l1xx_hal_pwr.o(i.HAL_PWR_PVD_IRQHandler) refers to stm32l1xx_hal_pwr.o(i.HAL_PWR_PVDCallback) for HAL_PWR_PVDCallback
[...]
    tsl_acq_stm32l1xx_sw.o(i.TSL_acq_Init) refers to tsl_globals.o(.bss) for TSL_Globals
    tsl_time_stm32l1xx.o(i.TSL_tim_Init) refers to system_stm32l1xx.o(.data) for SystemCoreClock
    tsl_object.o(i.TSL_obj_GroupInit) refers to tsl_object.o(i.TSL_obj_SetGlobalObj) for TSL_obj_SetGlobalObj
    tsl_object.o(i.TSL_obj_GroupInit) refers to tsl_globals.o(.bss) for TSL_Globals
    tsl_object.o(i.TSL_obj_GroupProcess) refers to tsl_object.o(i.TSL_obj_SetGlobalObj) for TSL_obj_SetGlobalObj
    tsl_object.o(i.TSL_obj_GroupProcess) refers to tsl_globals.o(.bss) for TSL_Globals
    tsl_object.o(i.TSL_obj_SetGlobalObj) refers to tsl_globals.o(.bss) for TSL_Globals
    tsl_ecs.o(i.TSL_ecs_CalcK) refers to tsl_object.o(i.TSL_obj_SetGlobalObj) for TSL_obj_SetGlobalObj
    tsl_ecs.o(i.TSL_ecs_CalcK) refers to tsl_globals.o(.bss) for TSL_Globals
    tsl_ecs.o(i.TSL_ecs_Process) refers to tsl_time.o(i.TSL_tim_CheckDelay_ms) for TSL_tim_CheckDelay_ms
    tsl_ecs.o(i.TSL_ecs_Process) refers to tsl_ecs.o(i.TSL_ecs_CalcK) for TSL_ecs_CalcK
    tsl_ecs.o(i.TSL_ecs_Process) refers to tsl_ecs.o(i.TSL_ecs_ProcessK) for TSL_ecs_ProcessK
    tsl_ecs.o(i.TSL_ecs_Process) refers to tsl_globals.o(.bss) for TSL_Globals
    tsl_ecs.o(i.TSL_ecs_ProcessK) refers to tsl_object.o(i.TSL_obj_SetGlobalObj) for TSL_obj_SetGlobalObj
    tsl_ecs.o(i.TSL_ecs_ProcessK) refers to tsl_acq_stm32l1xx_sw.o(i.TSL_acq_ComputeMeas) for TSL_acq_ComputeMeas
    tsl_ecs.o(i.TSL_ecs_ProcessK) refers to tsl_acq_stm32l1xx_sw.o(i.TSL_acq_TestReferenceOutOfRange) for TSL_acq_TestReferenceOutOfRange
    tsl_ecs.o(i.TSL_ecs_ProcessK) refers to tsl_globals.o(.bss) for TSL_Globals
    tsl_ecs.o(i.TSL_ecs_ProcessK) refers to tsl_linrot.o(i.TSL_linrot_SetStateCalibration) for TSL_linrot_SetStateCalibration
    tsl.o(i.TSL_Init) refers to tsl_acq_stm32l1xx_sw.o(i.TSL_acq_Init) for TSL_acq_Init
    tsl.o(i.TSL_Init) refers to tsl_globals.o(.bss) for TSL_Globals
    tsl.o(i.TSL_Init) refers to system_stm32l1xx.o(.data) for SystemCoreClock
    tsl_linrot.o(i.TSL_linrot_CalcPos) refers to tsl_linrot.o(i.TSL_linrot_NormDelta) for TSL_linrot_NormDelta
    tsl_linrot.o(i.TSL_linrot_CalcPos) refers to tsl_globals.o(.bss) for TSL_Globals
    tsl_linrot.o(i.TSL_linrot_CalcPos) refers to tsl_linrot.o(.data) for .data
    tsl_linrot.o(i.TSL_linrot_CalibrationStateProcess) refers to tsl_linrot.o(i.TSL_linrot_ProcessCh_One_AcqStatusError) for TSL_linrot_ProcessCh_One_AcqStatusError
    tsl_linrot.o(i.TSL_linrot_CalibrationStateProcess) refers to tsl_acq_stm32l1xx_sw.o(i.TSL_acq_TestFirstReferenceIsValid) for TSL_acq_TestFirstReferenceIsValid
    tsl_linrot.o(i.TSL_linrot_CalibrationStateProcess) refers to tsl_globals.o(.bss) for TSL_Globals
    tsl_linrot.o(i.TSL_linrot_CalibrationStateProcess) refers to tsl_user.o(.data) for TSL_Params
    tsl_linrot.o(i.TSL_linrot_CalibrationStateProcess) refers to tsl_linrot.o(.data) for .data
    tsl_linrot.o(i.TSL_linrot_DTOGetTime) refers to tsl_globals.o(.bss) for TSL_Globals
    tsl_linrot.o(i.TSL_linrot_DebCalibrationStateProcess) refers to tsl_linrot.o(i.TSL_linrot_ProcessCh_One_AcqStatusError) for TSL_linrot_ProcessCh_One_AcqStatusError
    tsl_linrot.o(i.TSL_linrot_DebCalibrationStateProcess) refers to tsl_linrot.o(i.TSL_linrot_ProcessCh_One_DeltaBelowEquMinus) for TSL_linrot_ProcessCh_One_DeltaBelowEquMinus
    tsl_linrot.o(i.TSL_linrot_DebCalibrationStateProcess) refers to tsl_linrot.o(i.TSL_linrot_SetStateCalibration) for TSL_linrot_SetStateCalibration
    tsl_linrot.o(i.TSL_linrot_DebCalibrationStateProcess) refers to tsl_globals.o(.bss) for TSL_Globals
    tsl_linrot.o(i.TSL_linrot_DebDetectStateProcess) refers to tsl_linrot.o(i.TSL_linrot_ProcessCh_One_AcqStatusError) for TSL_linrot_ProcessCh_One_AcqStatusError
    tsl_linrot.o(i.TSL_linrot_DebDetectStateProcess) refers to tsl_linrot.o(i.TSL_linrot_ProcessCh_One_DeltaAboveEqu) for TSL_linrot_ProcessCh_One_DeltaAboveEqu
    tsl_linrot.o(i.TSL_linrot_DebDetectStateProcess) refers to tsl_globals.o(.bss) for TSL_Globals
    tsl_linrot.o(i.TSL_linrot_DebErrorStateProcess) refers to tsl_linrot.o(i.TSL_linrot_ProcessCh_One_AcqStatusError) for TSL_linrot_ProcessCh_One_AcqStatusError
    tsl_linrot.o(i.TSL_linrot_DebErrorStateProcess) refers to tsl_linrot.o(i.TSL_linrot_GetStateMask) for TSL_linrot_GetStateMask
    tsl_linrot.o(i.TSL_linrot_DebErrorStateProcess) refers to tsl_linrot.o(i.TSL_linrot_SetStateCalibration) for TSL_linrot_SetStateCalibration
    tsl_linrot.o(i.TSL_linrot_DebErrorStateProcess) refers to tsl_globals.o(.bss) for TSL_Globals
    tsl_linrot.o(i.TSL_linrot_DebReleaseDetectStateProcess) refers to tsl_linrot.o(i.TSL_linrot_ProcessCh_One_AcqStatusError) for TSL_linrot_ProcessCh_One_AcqStatusError
    tsl_linrot.o(i.TSL_linrot_DebReleaseDetectStateProcess) refers to tsl_linrot.o(i.TSL_linrot_ProcessCh_One_DeltaAbove) for TSL_linrot_ProcessCh_One_DeltaAbove
    tsl_linrot.o(i.TSL_linrot_DebReleaseDetectStateProcess) refers to tsl_globals.o(.bss) for TSL_Globals
    tsl_linrot.o(i.TSL_linrot_DebReleaseTouchStateProcess) refers to tsl_linrot.o(i.TSL_linrot_ProcessCh_One_AcqStatusError) for TSL_linrot_ProcessCh_One_AcqStatusError
    tsl_linrot.o(i.TSL_linrot_DebReleaseTouchStateProcess) refers to tsl_linrot.o(i.TSL_linrot_ProcessCh_One_DeltaAbove) for TSL_linrot_ProcessCh_One_DeltaAbove
    tsl_linrot.o(i.TSL_linrot_DebReleaseTouchStateProcess) refers to tsl_globals.o(.bss) for TSL_Globals
    tsl_linrot.o(i.TSL_linrot_DetectStateProcess) refers to tsl_linrot.o(i.TSL_linrot_ProcessCh_One_AcqStatusError) for TSL_linrot_ProcessCh_One_AcqStatusError
    tsl_linrot.o(i.TSL_linrot_DetectStateProcess) refers to tsl_linrot.o(i.TSL_linrot_ProcessCh_One_DeltaAbove) for TSL_linrot_ProcessCh_One_DeltaAbove
    tsl_linrot.o(i.TSL_linrot_DetectStateProcess) refers to tsl_globals.o(.bss) for TSL_Globals
    tsl_linrot.o(i.TSL_linrot_DetectStateProcess) refers to tsl_user.o(.data) for TSL_Params
    tsl_linrot.o(i.TSL_linrot_GetStateId) refers to tsl_globals.o(.bss) for TSL_Globals
    tsl_linrot.o(i.TSL_linrot_GetStateMask) refers to tsl_globals.o(.bss) for TSL_Globals
    tsl_linrot.o(i.TSL_linrot_Init) refers to tsl_linrot.o(i.TSL_linrot_SetStateCalibration) for TSL_linrot_SetStateCalibration
    tsl_linrot.o(i.TSL_linrot_Init) refers to tsl_globals.o(.bss) for TSL_Globals
    tsl_linrot.o(i.TSL_linrot_IsChanged) refers to tsl_globals.o(.bss) for TSL_Globals
    tsl_linrot.o(i.TSL_linrot_NormDelta) refers to tsl_globals.o(.bss) for TSL_Globals
    tsl_linrot.o(i.TSL_linrot_Process) refers to tsl_linrot.o(i.TSL_linrot_ProcessCh_One_DataReady) for TSL_linrot_ProcessCh_One_DataReady
    tsl_linrot.o(i.TSL_linrot_Process) refers to tsl_globals.o(.bss) for TSL_Globals
    tsl_linrot.o(i.TSL_linrot_ProcessCh_All_AcqStatus) refers to tsl_globals.o(.bss) for TSL_Globals
    tsl_linrot.o(i.TSL_linrot_ProcessCh_All_ClearRef) refers to tsl_globals.o(.bss) for TSL_Globals
    tsl_linrot.o(i.TSL_linrot_ProcessCh_All_DeltaBelowEqu) refers to tsl_linrot.o(i.TSL_linrot_NormDelta) for TSL_linrot_NormDelta
    tsl_linrot.o(i.TSL_linrot_ProcessCh_All_DeltaBelowEqu) refers to tsl_globals.o(.bss) for TSL_Globals
    tsl_linrot.o(i.TSL_linrot_ProcessCh_All_SetStatus) refers to tsl_globals.o(.bss) for TSL_Globals
    tsl_linrot.o(i.TSL_linrot_ProcessCh_One_AcqStatusError) refers to tsl_globals.o(.bss) for TSL_Globals
    tsl_linrot.o(i.TSL_linrot_ProcessCh_One_DataReady) refers to tsl_globals.o(.bss) for TSL_Globals
    tsl_linrot.o(i.TSL_linrot_ProcessCh_One_DeltaAbove) refers to tsl_linrot.o(i.TSL_linrot_NormDelta) for TSL_linrot_NormDelta
    tsl_linrot.o(i.TSL_linrot_ProcessCh_One_DeltaAbove) refers to tsl_globals.o(.bss) for TSL_Globals
    tsl_linrot.o(i.TSL_linrot_ProcessCh_One_DeltaAboveEqu) refers to tsl_linrot.o(i.TSL_linrot_NormDelta) for TSL_linrot_NormDelta
    tsl_linrot.o(i.TSL_linrot_ProcessCh_One_DeltaAboveEqu) refers to tsl_globals.o(.bss) for TSL_Globals
    tsl_linrot.o(i.TSL_linrot_ProcessCh_One_DeltaBelowEquMinus) refers to tsl_linrot.o(i.TSL_linrot_NormDelta) for TSL_linrot_NormDelta
    tsl_linrot.o(i.TSL_linrot_ProcessCh_One_DeltaBelowEquMinus) refers to tsl_globals.o(.bss) for TSL_Globals
    tsl_linrot.o(i.TSL_linrot_ReleaseStateProcess) refers to tsl_linrot.o(i.TSL_linrot_ProcessCh_One_AcqStatusError) for TSL_linrot_ProcessCh_One_AcqStatusError
    tsl_linrot.o(i.TSL_linrot_ReleaseStateProcess) refers to tsl_linrot.o(i.TSL_linrot_ProcessCh_One_DeltaAboveEqu) for TSL_linrot_ProcessCh_One_DeltaAboveEqu
    tsl_linrot.o(i.TSL_linrot_ReleaseStateProcess) refers to tsl_linrot.o(i.TSL_linrot_ProcessCh_One_DeltaBelowEquMinus) for TSL_linrot_ProcessCh_One_DeltaBelowEquMinus
    tsl_linrot.o(i.TSL_linrot_ReleaseStateProcess) refers to tsl_linrot.o(i.TSL_linrot_SetStateCalibration) for TSL_linrot_SetStateCalibration
    tsl_linrot.o(i.TSL_linrot_ReleaseStateProcess) refers to tsl_globals.o(.bss) for TSL_Globals
    tsl_linrot.o(i.TSL_linrot_SetStateBurstOnly) refers to tsl_linrot.o(i.TSL_linrot_ProcessCh_All_SetStatus) for TSL_linrot_ProcessCh_All_SetStatus
    tsl_linrot.o(i.TSL_linrot_SetStateBurstOnly) refers to tsl_globals.o(.bss) for TSL_Globals
    tsl_linrot.o(i.TSL_linrot_SetStateCalibration) refers to tsl_linrot.o(i.TSL_linrot_ProcessCh_All_SetStatus) for TSL_linrot_ProcessCh_All_SetStatus
    tsl_linrot.o(i.TSL_linrot_SetStateCalibration) refers to tsl_linrot.o(i.TSL_linrot_ProcessCh_All_ClearRef) for TSL_linrot_ProcessCh_All_ClearRef
    tsl_linrot.o(i.TSL_linrot_SetStateCalibration) refers to tsl_globals.o(.bss) for TSL_Globals
    tsl_linrot.o(i.TSL_linrot_SetStateCalibration) refers to tsl_user.o(.data) for TSL_Params
    tsl_linrot.o(i.TSL_linrot_SetStateCalibration) refers to tsl_linrot.o(.data) for .data
    tsl_linrot.o(i.TSL_linrot_SetStateOff) refers to tsl_linrot.o(i.TSL_linrot_ProcessCh_All_SetStatus) for TSL_linrot_ProcessCh_All_SetStatus
    tsl_linrot.o(i.TSL_linrot_SetStateOff) refers to tsl_globals.o(.bss) for TSL_Globals
    tsl_linrot.o(i.TSL_linrot_TouchStateProcess) refers to tsl_linrot.o(i.TSL_linrot_ProcessCh_One_AcqStatusError) for TSL_linrot_ProcessCh_One_AcqStatusError
    tsl_linrot.o(i.TSL_linrot_TouchStateProcess) refers to tsl_linrot.o(i.TSL_linrot_ProcessCh_One_DeltaAbove) for TSL_linrot_ProcessCh_One_DeltaAbove
    tsl_linrot.o(i.TSL_linrot_TouchStateProcess) refers to tsl_globals.o(.bss) for TSL_Globals
    tsl_linrot.o(i.TSL_linrot_TouchStateProcess) refers to tsl_user.o(.data) for TSL_Params
    stm32l152d_eval.o(i.BSP_JOY_GetState) refers to stm32l1xx_hal_gpio.o(i.HAL_GPIO_ReadPin) for HAL_GPIO_ReadPin
    stm32l152d_eval.o(i.BSP_JOY_GetState) refers to stm32l152d_eval.o(.constdata) for .constdata
    stm32l152d_eval.o(i.BSP_JOY_GetState) refers to stm32l152d_eval.o(.data) for .data
    stm32l152d_eval.o(i.BSP_JOY_Init) refers to memseta.o(.text) for __aeabi_memclr4
    stm32l152d_eval.o(i.BSP_JOY_Init) refers to stm32l1xx_hal_gpio.o(i.HAL_GPIO_Init) for HAL_GPIO_Init
    stm32l152d_eval.o(i.BSP_JOY_Init) refers to stm32l1xx_hal_cortex.o(i.HAL_NVIC_SetPriority) for HAL_NVIC_SetPriority
    stm32l152d_eval.o(i.BSP_JOY_Init) refers to stm32l1xx_hal_cortex.o(i.HAL_NVIC_EnableIRQ) for HAL_NVIC_EnableIRQ
    stm32l152d_eval.o(i.BSP_JOY_Init) refers to stm32l152d_eval.o(.data) for .data
    stm32l152d_eval.o(i.BSP_JOY_Init) refers to stm32l152d_eval.o(.constdata) for .constdata
    stm32l152d_eval.o(i.BSP_LED_Init) refers to memseta.o(.text) for __aeabi_memclr4
    stm32l152d_eval.o(i.BSP_LED_Init) refers to stm32l1xx_hal_gpio.o(i.HAL_GPIO_Init) for HAL_GPIO_Init
    stm32l152d_eval.o(i.BSP_LED_Init) refers to stm32l1xx_hal_gpio.o(i.HAL_GPIO_WritePin) for HAL_GPIO_WritePin
    stm32l152d_eval.o(i.BSP_LED_Init) refers to stm32l152d_eval.o(.constdata) for .constdata
    stm32l152d_eval.o(i.BSP_LED_Init) refers to stm32l152d_eval.o(.data) for .data
    stm32l152d_eval.o(i.BSP_LED_Off) refers to stm32l1xx_hal_gpio.o(i.HAL_GPIO_WritePin) for HAL_GPIO_WritePin
    stm32l152d_eval.o(i.BSP_LED_Off) refers to stm32l152d_eval.o(.constdata) for .constdata
    stm32l152d_eval.o(i.BSP_LED_Off) refers to stm32l152d_eval.o(.data) for .data
    stm32l152d_eval.o(i.BSP_LED_On) refers to stm32l1xx_hal_gpio.o(i.HAL_GPIO_WritePin) for HAL_GPIO_WritePin
    stm32l152d_eval.o(i.BSP_LED_On) refers to stm32l152d_eval.o(.constdata) for .constdata
    stm32l152d_eval.o(i.BSP_LED_On) refers to stm32l152d_eval.o(.data) for .data
    stm32l152d_eval.o(i.BSP_LED_Toggle) refers to stm32l1xx_hal_gpio.o(i.HAL_GPIO_TogglePin) for HAL_GPIO_TogglePin
    stm32l152d_eval.o(i.BSP_LED_Toggle) refers to stm32l152d_eval.o(.constdata) for .constdata
    stm32l152d_eval.o(i.BSP_LED_Toggle) refers to stm32l152d_eval.o(.data) for .data
    stm32l152d_eval.o(i.BSP_PB_GetState) refers to stm32l1xx_hal_gpio.o(i.HAL_GPIO_ReadPin) for HAL_GPIO_ReadPin
    stm32l152d_eval.o(i.BSP_PB_GetState) refers to stm32l152d_eval.o(.constdata) for .constdata
    stm32l152d_eval.o(i.BSP_PB_GetState) refers to stm32l152d_eval.o(.data) for .data
    stm32l152d_eval.o(i.BSP_PB_Init) refers to memseta.o(.text) for __aeabi_memclr4
    stm32l152d_eval.o(i.BSP_PB_Init) refers to stm32l1xx_hal_gpio.o(i.HAL_GPIO_Init) for HAL_GPIO_Init
    stm32l152d_eval.o(i.BSP_PB_Init) refers to stm32l1xx_hal_cortex.o(i.HAL_NVIC_SetPriority) for HAL_NVIC_SetPriority
    stm32l152d_eval.o(i.BSP_PB_Init) refers to stm32l1xx_hal_cortex.o(i.HAL_NVIC_EnableIRQ) for HAL_NVIC_EnableIRQ
    stm32l152d_eval.o(i.BSP_PB_Init) refers to stm32l152d_eval.o(.constdata) for .constdata
    stm32l152d_eval.o(i.BSP_PB_Init) refers to stm32l152d_eval.o(.data) for .data
    entry.o(.ARM.Collect$$$$00000000) refers (Special) to entry10a.o(.ARM.Collect$$$$0000000D) for __rt_final_cpp
    entry.o(.ARM.Collect$$$$00000000) refers (Special) to entry11a.o(.ARM.Collect$$$$0000000F) for __rt_final_exit
    entry.o(.ARM.Collect$$$$00000000) refers (Special) to entry7b.o(.ARM.Collect$$$$00000008) for _main_clock
    entry.o(.ARM.Collect$$$$00000000) refers (Special) to entry8b.o(.ARM.Collect$$$$0000000A) for _main_cpp_init
    entry.o(.ARM.Collect$$$$00000000) refers (Special) to entry9a.o(.ARM.Collect$$$$0000000B) for _main_init
    entry.o(.ARM.Collect$$$$00000000) refers (Special) to entry5.o(.ARM.Collect$$$$00000004) for _main_scatterload
    entry.o(.ARM.Collect$$$$00000000) refers (Special) to entry2.o(.ARM.Collect$$$$00000001) for _main_stk
    entry2.o(.ARM.Collect$$$$00000001) refers to entry2.o(.ARM.Collect$$$$00002712) for __lit__00000000
    entry2.o(.ARM.Collect$$$$00002712) refers to startup_stm32l152xd.o(STACK) for __initial_sp
    entry2.o(__vectab_stack_and_reset_area) refers to startup_stm32l152xd.o(STACK) for __initial_sp
    entry2.o(__vectab_stack_and_reset_area) refers to entry.o(.ARM.Collect$$$$00000000) for __main
    entry5.o(.ARM.Collect$$$$00000004) refers to init.o(.text) for __scatterload
    entry9a.o(.ARM.Collect$$$$0000000B) refers to main.o(i.main) for main
    entry9b.o(.ARM.Collect$$$$0000000C) refers to main.o(i.main) for main
    init.o(.text) refers to entry5.o(.ARM.Collect$$$$00000004) for __main_after_scatterload


==============================================================================

Removing Unused input sections from the image.

    Removing system_stm32l1xx.o(.rev16_text), (4 bytes).
    Removing system_stm32l1xx.o(.revsh_text), (4 bytes).
    Removing system_stm32l1xx.o(.rrx_text), (6 bytes).
    Removing system_stm32l1xx.o(i.SystemCoreClockUpdate), (144 bytes).
    Removing system_stm32l1xx.o(.constdata), (8 bytes).
    Removing stm32l1xx_hal.o(.rev16_text), (4 bytes).
    Removing stm32l1xx_hal.o(.revsh_text), (4 bytes).
    Removing stm32l1xx_hal.o(.rrx_text), (6 bytes).
    Removing stm32l1xx_hal.o(i.HAL_DBGMCU_DisableDBGSleepMode), (16 bytes).
    Removing stm32l1xx_hal.o(i.HAL_DBGMCU_DisableDBGStandbyMode), (16 bytes).
    Removing stm32l1xx_hal.o(i.HAL_DBGMCU_DisableDBGStopMode), (16 bytes).
    Removing stm32l1xx_hal.o(i.HAL_DBGMCU_EnableDBGSleepMode), (16 bytes).
    Removing stm32l1xx_hal.o(i.HAL_DBGMCU_EnableDBGStandbyMode), (16 bytes).
    Removing stm32l1xx_hal.o(i.HAL_DBGMCU_EnableDBGStopMode), (16 bytes).
    Removing stm32l1xx_hal.o(i.HAL_DeInit), (40 bytes).
    Removing stm32l1xx_hal.o(i.HAL_GetDEVID), (16 bytes).
    Removing stm32l1xx_hal.o(i.HAL_GetHalVersion), (6 bytes).
    Removing stm32l1xx_hal.o(i.HAL_GetREVID), (12 bytes).
    Removing stm32l1xx_hal.o(i.HAL_MspDeInit), (2 bytes).
    Removing stm32l1xx_hal.o(i.HAL_MspInit), (2 bytes).
    Removing stm32l1xx_hal.o(i.HAL_ResumeTick), (14 bytes).
    Removing stm32l1xx_hal.o(i.HAL_SuspendTick), (14 bytes).
    Removing stm32l1xx_hal_pwr_ex.o(.rev16_text), (4 bytes).
    Removing stm32l1xx_hal_pwr_ex.o(.revsh_text), (4 bytes).
    Removing stm32l1xx_hal_pwr_ex.o(.rrx_text), (6 bytes).
    Removing stm32l1xx_hal_pwr_ex.o(i.HAL_PWREx_DisableFastWakeUp), (28 bytes).
    Removing stm32l1xx_hal_pwr_ex.o(i.HAL_PWREx_DisableLowPowerRunMode), (44 bytes).
    Removing stm32l1xx_hal_pwr_ex.o(i.HAL_PWREx_DisableUltraLowPower), (28 bytes).
    Removing stm32l1xx_hal_pwr_ex.o(i.HAL_PWREx_EnableFastWakeUp), (24 bytes).
    Removing stm32l1xx_hal_pwr_ex.o(i.HAL_PWREx_EnableLowPowerRunMode), (36 bytes).
    Removing stm32l1xx_hal_pwr_ex.o(i.HAL_PWREx_EnableUltraLowPower), (24 bytes).
    Removing stm32l1xx_hal_rcc.o(.rev16_text), (4 bytes).
    Removing stm32l1xx_hal_rcc.o(.revsh_text), (4 bytes).
    Removing stm32l1xx_hal_rcc.o(.rrx_text), (6 bytes).
    Removing stm32l1xx_hal_rcc.o(i.HAL_RCC_CSSCallback), (2 bytes).
    Removing stm32l1xx_hal_rcc.o(i.HAL_RCC_DeInit), (112 bytes).
    Removing stm32l1xx_hal_rcc.o(i.HAL_RCC_DisableCSS), (28 bytes).
    Removing stm32l1xx_hal_rcc.o(i.HAL_RCC_EnableCSS), (24 bytes).
    Removing stm32l1xx_hal_rcc.o(i.HAL_RCC_GetClockConfig), (64 bytes).
    Removing stm32l1xx_hal_rcc.o(i.HAL_RCC_GetHCLKFreq), (12 bytes).
    Removing stm32l1xx_hal_rcc.o(i.HAL_RCC_GetOscConfig), (208 bytes).
    Removing stm32l1xx_hal_rcc.o(i.HAL_RCC_GetPCLK1Freq), (48 bytes).
    Removing stm32l1xx_hal_rcc.o(i.HAL_RCC_GetPCLK2Freq), (48 bytes).
    Removing stm32l1xx_hal_rcc.o(i.HAL_RCC_MCOConfig), (88 bytes).
    Removing stm32l1xx_hal_rcc.o(i.HAL_RCC_NMI_IRQHandler), (28 bytes).
    Removing stm32l1xx_hal_gpio.o(.rev16_text), (4 bytes).
    Removing stm32l1xx_hal_gpio.o(.revsh_text), (4 bytes).
    Removing stm32l1xx_hal_gpio.o(.rrx_text), (6 bytes).
    Removing stm32l1xx_hal_gpio.o(i.HAL_GPIO_DeInit), (328 bytes).
    Removing stm32l1xx_hal_gpio.o(i.HAL_GPIO_EXTI_Callback), (2 bytes).
    Removing stm32l1xx_hal_gpio.o(i.HAL_GPIO_EXTI_IRQHandler), (24 bytes).
    Removing stm32l1xx_hal_gpio.o(i.HAL_GPIO_LockPin), (34 bytes).
    Removing stm32l1xx_hal_gpio.o(i.HAL_GPIO_ReadPin), (10 bytes).
    Removing stm32l1xx_hal_dma.o(.rev16_text), (4 bytes).
    Removing stm32l1xx_hal_dma.o(.revsh_text), (4 bytes).
    Removing stm32l1xx_hal_dma.o(.rrx_text), (6 bytes).
    Removing stm32l1xx_hal_dma.o(i.DMA_SetConfig), (42 bytes).
    Removing stm32l1xx_hal_dma.o(i.HAL_DMA_Abort), (48 bytes).
    Removing stm32l1xx_hal_dma.o(i.HAL_DMA_Abort_IT), (74 bytes).
    Removing stm32l1xx_hal_dma.o(i.HAL_DMA_DeInit), (116 bytes).
    Removing stm32l1xx_hal_dma.o(i.HAL_DMA_GetError), (4 bytes).
    Removing stm32l1xx_hal_dma.o(i.HAL_DMA_GetState), (6 bytes).
    Removing stm32l1xx_hal_dma.o(i.HAL_DMA_IRQHandler), (168 bytes).
    Removing stm32l1xx_hal_dma.o(i.HAL_DMA_Init), (132 bytes).
    Removing stm32l1xx_hal_dma.o(i.HAL_DMA_PollForTransfer), (206 bytes).
    Removing stm32l1xx_hal_dma.o(i.HAL_DMA_RegisterCallback), (74 bytes).
    Removing stm32l1xx_hal_dma.o(i.HAL_DMA_Start), (80 bytes).
    Removing stm32l1xx_hal_dma.o(i.HAL_DMA_Start_IT), (112 bytes).
    Removing stm32l1xx_hal_dma.o(i.HAL_DMA_UnRegisterCallback), (82 bytes).
    Removing stm32l1xx_hal_rcc_ex.o(.rev16_text), (4 bytes).
    Removing stm32l1xx_hal_rcc_ex.o(.revsh_text), (4 bytes).
    Removing stm32l1xx_hal_rcc_ex.o(.rrx_text), (6 bytes).
    Removing stm32l1xx_hal_rcc_ex.o(i.HAL_RCCEx_DisableLSECSS), (44 bytes).
    Removing stm32l1xx_hal_rcc_ex.o(i.HAL_RCCEx_EnableLSECSS), (28 bytes).
    Removing stm32l1xx_hal_rcc_ex.o(i.HAL_RCCEx_EnableLSECSS_IT), (68 bytes).
    Removing stm32l1xx_hal_rcc_ex.o(i.HAL_RCCEx_GetPeriphCLKConfig), (44 bytes).
    Removing stm32l1xx_hal_rcc_ex.o(i.HAL_RCCEx_GetPeriphCLKFreq), (132 bytes).
    Removing stm32l1xx_hal_rcc_ex.o(i.HAL_RCCEx_LSECSS_Callback), (2 bytes).
    Removing stm32l1xx_hal_rcc_ex.o(i.HAL_RCCEx_LSECSS_IRQHandler), (28 bytes).
    Removing stm32l1xx_hal_rcc_ex.o(i.HAL_RCCEx_PeriphCLKConfig), (392 bytes).
    Removing stm32l1xx_hal_cortex.o(.rev16_text), (4 bytes).
    Removing stm32l1xx_hal_cortex.o(.revsh_text), (4 bytes).
    Removing stm32l1xx_hal_cortex.o(.rrx_text), (6 bytes).
    Removing stm32l1xx_hal_cortex.o(i.HAL_MPU_ConfigRegion), (84 bytes).
    Removing stm32l1xx_hal_cortex.o(i.HAL_NVIC_ClearPendingIRQ), (26 bytes).
    Removing stm32l1xx_hal_cortex.o(i.HAL_NVIC_DisableIRQ), (26 bytes).
    Removing stm32l1xx_hal_cortex.o(i.HAL_NVIC_EnableIRQ), (26 bytes).
    Removing stm32l1xx_hal_cortex.o(i.HAL_NVIC_GetActive), (36 bytes).
    Removing stm32l1xx_hal_cortex.o(i.HAL_NVIC_GetPendingIRQ), (36 bytes).
    Removing stm32l1xx_hal_cortex.o(i.HAL_NVIC_GetPriority), (82 bytes).
    Removing stm32l1xx_hal_cortex.o(i.HAL_NVIC_GetPriorityGrouping), (16 bytes).
    Removing stm32l1xx_hal_cortex.o(i.HAL_NVIC_SetPendingIRQ), (26 bytes).
    Removing stm32l1xx_hal_cortex.o(i.HAL_NVIC_SystemReset), (36 bytes).
    Removing stm32l1xx_hal_cortex.o(i.HAL_SYSTICK_CLKSourceConfig), (24 bytes).
    Removing stm32l1xx_hal_cortex.o(i.HAL_SYSTICK_Callback), (2 bytes).
    Removing stm32l1xx_hal_cortex.o(i.HAL_SYSTICK_IRQHandler), (8 bytes).
    Removing stm32l1xx_hal_pwr.o(.rev16_text), (4 bytes).
    Removing stm32l1xx_hal_pwr.o(.revsh_text), (4 bytes).
    Removing stm32l1xx_hal_pwr.o(.rrx_text), (6 bytes).
    Removing stm32l1xx_hal_pwr.o(i.HAL_PWR_ConfigPVD), (124 bytes).
    Removing stm32l1xx_hal_pwr.o(i.HAL_PWR_DeInit), (24 bytes).
    Removing stm32l1xx_hal_pwr.o(i.HAL_PWR_DisableBkUpAccess), (28 bytes).
    Removing stm32l1xx_hal_pwr.o(i.HAL_PWR_DisablePVD), (24 bytes).
    Removing stm32l1xx_hal_pwr.o(i.HAL_PWR_DisableSEVOnPend), (16 bytes).
    Removing stm32l1xx_hal_pwr.o(i.HAL_PWR_DisableSleepOnExit), (16 bytes).
    Removing stm32l1xx_hal_pwr.o(i.HAL_PWR_DisableWakeUpPin), (28 bytes).
    Removing stm32l1xx_hal_pwr.o(i.HAL_PWR_EnableBkUpAccess), (24 bytes).
    Removing stm32l1xx_hal_pwr.o(i.HAL_PWR_EnablePVD), (24 bytes).
    Removing stm32l1xx_hal_pwr.o(i.HAL_PWR_EnableSEVOnPend), (16 bytes).
    Removing stm32l1xx_hal_pwr.o(i.HAL_PWR_EnableSleepOnExit), (16 bytes).
    Removing stm32l1xx_hal_pwr.o(i.HAL_PWR_EnableWakeUpPin), (28 bytes).
    Removing stm32l1xx_hal_pwr.o(i.HAL_PWR_EnterSLEEPMode), (48 bytes).
    Removing stm32l1xx_hal_pwr.o(i.HAL_PWR_EnterSTANDBYMode), (32 bytes).
    Removing stm32l1xx_hal_pwr.o(i.HAL_PWR_EnterSTOPMode), (56 bytes).
    Removing stm32l1xx_hal_pwr.o(i.HAL_PWR_PVDCallback), (2 bytes).
    Removing stm32l1xx_hal_pwr.o(i.HAL_PWR_PVD_IRQHandler), (28 bytes).
    Removing main.o(.rev16_text), (4 bytes).
    Removing main.o(.revsh_text), (4 bytes).
    Removing main.o(.rrx_text), (6 bytes).
    Removing stmcriticalsection.o(i.enterLock), (28 bytes).
    Removing stmcriticalsection.o(i.exitLock), (12 bytes).
    Removing stmcriticalsection.o(.data), (3 bytes).
    Removing tsl_user.o(.rev16_text), (4 bytes).
    Removing tsl_user.o(.revsh_text), (4 bytes).
    Removing tsl_user.o(.rrx_text), (6 bytes).
    Removing tsl_user.o(i.tsl_user_SetThresholds), (2 bytes).
    Removing stm32l1xx_it.o(.rev16_text), (4 bytes).
    Removing stm32l1xx_it.o(.revsh_text), (4 bytes).
    Removing stm32l1xx_it.o(.rrx_text), (6 bytes).
    Removing stm32l1xx_hal_msp.o(.rev16_text), (4 bytes).
    Removing stm32l1xx_hal_msp.o(.revsh_text), (4 bytes).
    Removing stm32l1xx_hal_msp.o(.rrx_text), (6 bytes).
    Removing stm32l1xx_hal_msp.o(i.HAL_MspDeInit), (2 bytes).
    Removing startup_stm32l152xd.o(HEAP), (512 bytes).
    Removing tsl_filter.o(.rev16_text), (4 bytes).
    Removing tsl_filter.o(.revsh_text), (4 bytes).
    Removing tsl_filter.o(.rrx_text), (6 bytes).
    Removing tsl_filter.o(i.TSL_filt_DeltaFilter), (2 bytes).
    Removing tsl_filter.o(i.TSL_filt_MeasFilter), (28 bytes).
    Removing tsl_acq.o(.rev16_text), (4 bytes).
    Removing tsl_acq.o(.revsh_text), (4 bytes).
    Removing tsl_acq.o(.rrx_text), (6 bytes).
    Removing tsl_acq.o(i.TSL_acq_BankCalibrate), (284 bytes).
    Removing tsl_acq.o(i.TSL_acq_BankClearData), (68 bytes).
    Removing tsl_acq.o(.data), (6 bytes).
    Removing tsl_time.o(.rev16_text), (4 bytes).
    Removing tsl_time.o(.revsh_text), (4 bytes).
    Removing tsl_time.o(.rrx_text), (6 bytes).
    Removing tsl_time.o(i.TSL_tim_CheckDelay_sec), (88 bytes).
    Removing tsl_acq_stm32l1xx_sw.o(.rev16_text), (4 bytes).
    Removing tsl_acq_stm32l1xx_sw.o(.revsh_text), (4 bytes).
    Removing tsl_acq_stm32l1xx_sw.o(.rrx_text), (6 bytes).
    Removing tsl_acq_stm32l1xx_sw.o(.data), (1 bytes).
    Removing tsl_time_stm32l1xx.o(.rev16_text), (4 bytes).
    Removing tsl_time_stm32l1xx.o(.revsh_text), (4 bytes).
    Removing tsl_time_stm32l1xx.o(.rrx_text), (6 bytes).
    Removing tsl_time_stm32l1xx.o(i.TSL_tim_Init), (60 bytes).
    Removing tsl_dxs.o(.rev16_text), (4 bytes).
    Removing tsl_dxs.o(.revsh_text), (4 bytes).
    Removing tsl_dxs.o(.rrx_text), (6 bytes).
    Removing tsl_touchkey.o(.rev16_text), (4 bytes).
    Removing tsl_touchkey.o(.revsh_text), (4 bytes).
    Removing tsl_touchkey.o(.rrx_text), (6 bytes).
    Removing tsl_object.o(.rev16_text), (4 bytes).
    Removing tsl_object.o(.revsh_text), (4 bytes).
    Removing tsl_object.o(.rrx_text), (6 bytes).
    Removing tsl_ecs.o(.rev16_text), (4 bytes).
    Removing tsl_ecs.o(.revsh_text), (4 bytes).
    Removing tsl_ecs.o(.rrx_text), (6 bytes).
    Removing tsl.o(.rev16_text), (4 bytes).
    Removing tsl.o(.revsh_text), (4 bytes).
    Removing tsl.o(.rrx_text), (6 bytes).
    Removing tsl_linrot.o(.rev16_text), (4 bytes).
    Removing tsl_linrot.o(.revsh_text), (4 bytes).
    Removing tsl_linrot.o(.rrx_text), (6 bytes).
    Removing tsl_linrot.o(i.TSL_linrot_DTOGetTime), (44 bytes).
    Removing tsl_linrot.o(i.TSL_linrot_GetStateId), (16 bytes).
    Removing tsl_linrot.o(i.TSL_linrot_IsChanged), (20 bytes).
    Removing tsl_linrot.o(i.TSL_linrot_ProcessCh_All_AcqStatus), (48 bytes).
    Removing tsl_linrot.o(i.TSL_linrot_ProcessCh_All_DeltaBelowEqu), (52 bytes).
    Removing tsl_linrot.o(i.TSL_linrot_SetStateBurstOnly), (32 bytes).
    Removing tsl_globals.o(.rev16_text), (4 bytes).
    Removing tsl_globals.o(.revsh_text), (4 bytes).
    Removing tsl_globals.o(.rrx_text), (6 bytes).
    Removing stm32l152d_eval.o(.rev16_text), (4 bytes).
    Removing stm32l152d_eval.o(.revsh_text), (4 bytes).
    Removing stm32l152d_eval.o(.rrx_text), (6 bytes).
    Removing stm32l152d_eval.o(i.BSP_GetVersion), (8 bytes).
    Removing stm32l152d_eval.o(i.BSP_JOY_GetState), (48 bytes).
    Removing stm32l152d_eval.o(i.BSP_JOY_Init), (180 bytes).
    Removing stm32l152d_eval.o(i.BSP_PB_GetState), (24 bytes).
    Removing stm32l152d_eval.o(i.BSP_PB_Init), (176 bytes).
    Removing stm32l152d_eval.o(.constdata), (2 bytes).
    Removing stm32l152d_eval.o(.constdata), (2 bytes).
    Removing stm32l152d_eval.o(.constdata), (2 bytes).
    Removing stm32l152d_eval.o(.constdata), (2 bytes).
    Removing stm32l152d_eval.o(.data), (4 bytes).
    Removing stm32l152d_eval.o(.data), (4 bytes).
    Removing stm32l152d_eval.o(.data), (4 bytes).

199 unused section(s) (total 6570 bytes) removed from the image.

==============================================================================

Image Symbol Table

    Local Symbols

    Symbol Name                              Value     Ov Type        Size  Object(Section)

    ../clib/microlib/init/entry.s            0x00000000   Number         0  entry9a.o ABSOLUTE
    ../clib/microlib/init/entry.s            0x00000000   Number         0  entry7b.o ABSOLUTE
    ../clib/microlib/init/entry.s            0x00000000   Number         0  entry11a.o ABSOLUTE
    ../clib/microlib/init/entry.s            0x00000000   Number         0  entry10b.o ABSOLUTE
    ../clib/microlib/init/entry.s            0x00000000   Number         0  entry2.o ABSOLUTE
    ../clib/microlib/init/entry.s            0x00000000   Number         0  entry10a.o ABSOLUTE
    ../clib/microlib/init/entry.s            0x00000000   Number         0  entry9b.o ABSOLUTE
    ../clib/microlib/init/entry.s            0x00000000   Number         0  entry.o ABSOLUTE
    ../clib/microlib/init/entry.s            0x00000000   Number         0  entry8b.o ABSOLUTE
    ../clib/microlib/init/entry.s            0x00000000   Number         0  entry8a.o ABSOLUTE
    ../clib/microlib/init/entry.s            0x00000000   Number         0  entry7a.o ABSOLUTE
    ../clib/microlib/init/entry.s            0x00000000   Number         0  entry5.o ABSOLUTE
    ../clib/microlib/init/entry.s            0x00000000   Number         0  entry11b.o ABSOLUTE
    ../clib/microlib/string/memset.c         0x00000000   Number         0  memseta.o ABSOLUTE
    ..\..\..\..\..\..\Drivers\BSP\STM32L152D_EVAL\stm32l152d_eval.c 0x00000000   Number         0  stm32l152d_eval.o ABSOLUTE
    ..\..\..\..\..\..\Drivers\STM32L1xx_HAL_Driver\Src\stm32l1xx_hal.c 0x00000000   Number         0  stm32l1xx_hal.o ABSOLUTE
    ..\..\..\..\..\..\Drivers\STM32L1xx_HAL_Driver\Src\stm32l1xx_hal_cortex.c 0x00000000   Number         0  stm32l1xx_hal_cortex.o ABSOLUTE
    ..\..\..\..\..\..\Drivers\STM32L1xx_HAL_Driver\Src\stm32l1xx_hal_dma.c 0x00000000   Number         0  stm32l1xx_hal_dma.o ABSOLUTE
    ..\..\..\..\..\..\Drivers\STM32L1xx_HAL_Driver\Src\stm32l1xx_hal_gpio.c 0x00000000   Number         0  stm32l1xx_hal_gpio.o ABSOLUTE
    ..\..\..\..\..\..\Drivers\STM32L1xx_HAL_Driver\Src\stm32l1xx_hal_pwr.c 0x00000000   Number         0  stm32l1xx_hal_pwr.o ABSOLUTE
    ..\..\..\..\..\..\Drivers\STM32L1xx_HAL_Driver\Src\stm32l1xx_hal_pwr_ex.c 0x00000000   Number         0  stm32l1xx_hal_pwr_ex.o ABSOLUTE
    ..\..\..\..\..\..\Drivers\STM32L1xx_HAL_Driver\Src\stm32l1xx_hal_rcc.c 0x00000000   Number         0  stm32l1xx_hal_rcc.o ABSOLUTE
    ..\..\..\..\..\..\Drivers\STM32L1xx_HAL_Driver\Src\stm32l1xx_hal_rcc_ex.c 0x00000000   Number         0  stm32l1xx_hal_rcc_ex.o ABSOLUTE
    ..\..\..\..\..\..\Middlewares\ST\STM32_TouchSensing_Library\src\tsl.c 0x00000000   Number         0  tsl.o ABSOLUTE
    ..\..\..\..\..\..\Middlewares\ST\STM32_TouchSensing_Library\src\tsl_acq.c 0x00000000   Number         0  tsl_acq.o ABSOLUTE
    ..\..\..\..\..\..\Middlewares\ST\STM32_TouchSensing_Library\src\tsl_acq_stm32l1xx_sw.c 0x00000000   Number         0  tsl_acq_stm32l1xx_sw.o ABSOLUTE
    ..\..\..\..\..\..\Middlewares\ST\STM32_TouchSensing_Library\src\tsl_dxs.c 0x00000000   Number         0  tsl_dxs.o ABSOLUTE
    ..\..\..\..\..\..\Middlewares\ST\STM32_TouchSensing_Library\src\tsl_ecs.c 0x00000000   Number         0  tsl_ecs.o ABSOLUTE
    ..\..\..\..\..\..\Middlewares\ST\STM32_TouchSensing_Library\src\tsl_filter.c 0x00000000   Number         0  tsl_filter.o ABSOLUTE
    ..\..\..\..\..\..\Middlewares\ST\STM32_TouchSensing_Library\src\tsl_globals.c 0x00000000   Number         0  tsl_globals.o ABSOLUTE
    ..\..\..\..\..\..\Middlewares\ST\STM32_TouchSensing_Library\src\tsl_linrot.c 0x00000000   Number         0  tsl_linrot.o ABSOLUTE
    ..\..\..\..\..\..\Middlewares\ST\STM32_TouchSensing_Library\src\tsl_object.c 0x00000000   Number         0  tsl_object.o ABSOLUTE
    ..\..\..\..\..\..\Middlewares\ST\STM32_TouchSensing_Library\src\tsl_time.c 0x00000000   Number         0  tsl_time.o ABSOLUTE
    ..\..\..\..\..\..\Middlewares\ST\STM32_TouchSensing_Library\src\tsl_time_stm32l1xx.c 0x00000000   Number         0  tsl_time_stm32l1xx.o ABSOLUTE
    ..\..\..\..\..\..\Middlewares\ST\STM32_TouchSensing_Library\src\tsl_touchkey.c 0x00000000   Number         0  tsl_touchkey.o ABSOLUTE
    ..\Src\main.c                            0x00000000   Number         0  main.o ABSOLUTE
    ..\Src\stm32l1xx_hal_msp.c               0x00000000   Number         0  stm32l1xx_hal_msp.o ABSOLUTE
    ..\Src\stm32l1xx_it.c                    0x00000000   Number         0  stm32l1xx_it.o ABSOLUTE
    ..\Src\stmCriticalSection.c              0x00000000   Number         0  stmcriticalsection.o ABSOLUTE
    ..\Src\system_stm32l1xx.c                0x00000000   Number         0  system_stm32l1xx.o ABSOLUTE
    ..\Src\tsl_user.c                        0x00000000   Number         0  tsl_user.o ABSOLUTE
    ..\\..\\..\\..\\..\\..\\Drivers\\BSP\\STM32L152D_EVAL\\stm32l152d_eval.c 0x00000000   Number         0  stm32l152d_eval.o ABSOLUTE
    ..\\..\\..\\..\\..\\..\\Drivers\\STM32L1xx_HAL_Driver\\Src\\stm32l1xx_hal.c 0x00000000   Number         0  stm32l1xx_hal.o ABSOLUTE
    ..\\..\\..\\..\\..\\..\\Drivers\\STM32L1xx_HAL_Driver\\Src\\stm32l1xx_hal_cortex.c 0x00000000   Number         0  stm32l1xx_hal_cortex.o ABSOLUTE
    ..\\..\\..\\..\\..\\..\\Drivers\\STM32L1xx_HAL_Driver\\Src\\stm32l1xx_hal_dma.c 0x00000000   Number         0  stm32l1xx_hal_dma.o ABSOLUTE
    ..\\..\\..\\..\\..\\..\\Drivers\\STM32L1xx_HAL_Driver\\Src\\stm32l1xx_hal_gpio.c 0x00000000   Number         0  stm32l1xx_hal_gpio.o ABSOLUTE
    ..\\..\\..\\..\\..\\..\\Drivers\\STM32L1xx_HAL_Driver\\Src\\stm32l1xx_hal_pwr.c 0x00000000   Number         0  stm32l1xx_hal_pwr.o ABSOLUTE
    ..\\..\\..\\..\\..\\..\\Drivers\\STM32L1xx_HAL_Driver\\Src\\stm32l1xx_hal_pwr_ex.c 0x00000000   Number         0  stm32l1xx_hal_pwr_ex.o ABSOLUTE
    ..\\..\\..\\..\\..\\..\\Drivers\\STM32L1xx_HAL_Driver\\Src\\stm32l1xx_hal_rcc.c 0x00000000   Number         0  stm32l1xx_hal_rcc.o ABSOLUTE
    ..\\..\\..\\..\\..\\..\\Drivers\\STM32L1xx_HAL_Driver\\Src\\stm32l1xx_hal_rcc_ex.c 0x00000000   Number         0  stm32l1xx_hal_rcc_ex.o ABSOLUTE
    ..\\..\\..\\..\\..\\..\\Middlewares\\ST\\STM32_TouchSensing_Library\\src\\tsl.c 0x00000000   Number         0  tsl.o ABSOLUTE
    ..\\..\\..\\..\\..\\..\\Middlewares\\ST\\STM32_TouchSensing_Library\\src\\tsl_acq.c 0x00000000   Number         0  tsl_acq.o ABSOLUTE
    ..\\..\\..\\..\\..\\..\\Middlewares\\ST\\STM32_TouchSensing_Library\\src\\tsl_acq_stm32l1xx_sw.c 0x00000000   Number         0  tsl_acq_stm32l1xx_sw.o ABSOLUTE
    ..\\..\\..\\..\\..\\..\\Middlewares\\ST\\STM32_TouchSensing_Library\\src\\tsl_dxs.c 0x00000000   Number         0  tsl_dxs.o ABSOLUTE
    ..\\..\\..\\..\\..\\..\\Middlewares\\ST\\STM32_TouchSensing_Library\\src\\tsl_ecs.c 0x00000000   Number         0  tsl_ecs.o ABSOLUTE
    ..\\..\\..\\..\\..\\..\\Middlewares\\ST\\STM32_TouchSensing_Library\\src\\tsl_filter.c 0x00000000   Number         0  tsl_filter.o ABSOLUTE
    ..\\..\\..\\..\\..\\..\\Middlewares\\ST\\STM32_TouchSensing_Library\\src\\tsl_globals.c 0x00000000   Number         0  tsl_globals.o ABSOLUTE
    ..\\..\\..\\..\\..\\..\\Middlewares\\ST\\STM32_TouchSensing_Library\\src\\tsl_linrot.c 0x00000000   Number         0  tsl_linrot.o ABSOLUTE
    ..\\..\\..\\..\\..\\..\\Middlewares\\ST\\STM32_TouchSensing_Library\\src\\tsl_object.c 0x00000000   Number         0  tsl_object.o ABSOLUTE
    ..\\..\\..\\..\\..\\..\\Middlewares\\ST\\STM32_TouchSensing_Library\\src\\tsl_time.c 0x00000000   Number         0  tsl_time.o ABSOLUTE
    ..\\..\\..\\..\\..\\..\\Middlewares\\ST\\STM32_TouchSensing_Library\\src\\tsl_time_stm32l1xx.c 0x00000000   Number         0  tsl_time_stm32l1xx.o ABSOLUTE
    ..\\..\\..\\..\\..\\..\\Middlewares\\ST\\STM32_TouchSensing_Library\\src\\tsl_touchkey.c 0x00000000   Number         0  tsl_touchkey.o ABSOLUTE
    ..\\Src\\main.c                          0x00000000   Number         0  main.o ABSOLUTE
    ..\\Src\\stm32l1xx_hal_msp.c             0x00000000   Number         0  stm32l1xx_hal_msp.o ABSOLUTE
    ..\\Src\\stm32l1xx_it.c                  0x00000000   Number         0  stm32l1xx_it.o ABSOLUTE
    ..\\Src\\system_stm32l1xx.c              0x00000000   Number         0  system_stm32l1xx.o ABSOLUTE
    ..\\Src\\tsl_user.c                      0x00000000   Number         0  tsl_user.o ABSOLUTE
    dc.s                                     0x00000000   Number         0  dc.o ABSOLUTE
    handlers.s                               0x00000000   Number         0  handlers.o ABSOLUTE
    init.s                                   0x00000000   Number         0  init.o ABSOLUTE
    startup_stm32l152xd.s                    0x00000000   Number         0  startup_stm32l152xd.o ABSOLUTE
    RESET                                    0x08000000   Section      292  startup_stm32l152xd.o(RESET)
    .ARM.Collect$$$$00000000                 0x08000124   Section        0  entry.o(.ARM.Collect$$$$00000000)
    .ARM.Collect$$$$00000001                 0x08000124   Section        4  entry2.o(.ARM.Collect$$$$00000001)
    .ARM.Collect$$$$00000004                 0x08000128   Section        4  entry5.o(.ARM.Collect$$$$00000004)
    .ARM.Collect$$$$00000008                 0x0800012c   Section        0  entry7b.o(.ARM.Collect$$$$00000008)
    .ARM.Collect$$$$0000000A                 0x0800012c   Section        0  entry8b.o(.ARM.Collect$$$$0000000A)
    .ARM.Collect$$$$0000000B                 0x0800012c   Section        8  entry9a.o(.ARM.Collect$$$$0000000B)
    .ARM.Collect$$$$0000000D                 0x08000134   Section        0  entry10a.o(.ARM.Collect$$$$0000000D)
    .ARM.Collect$$$$0000000F                 0x08000134   Section        0  entry11a.o(.ARM.Collect$$$$0000000F)
    .ARM.Collect$$$$00002712                 0x08000134   Section        4  entry2.o(.ARM.Collect$$$$00002712)
    __lit__00000000                          0x08000134   Data           4  entry2.o(.ARM.Collect$$$$00002712)
    .text                                    0x08000138   Section       36  startup_stm32l152xd.o(.text)
    .text                                    0x0800015c   Section        0  memseta.o(.text)
    .text                                    0x08000180   Section       36  init.o(.text)
    i.BSP_LED_Init                           0x080001a4   Section        0  stm32l152d_eval.o(i.BSP_LED_Init)
    i.BSP_LED_Off                            0x08000224   Section        0  stm32l152d_eval.o(i.BSP_LED_Off)
    i.BSP_LED_On                             0x08000240   Section        0  stm32l152d_eval.o(i.BSP_LED_On)
    i.BSP_LED_Toggle                         0x0800025c   Section        0  stm32l152d_eval.o(i.BSP_LED_Toggle)
    i.BusFault_Handler                       0x08000274   Section        0  stm32l1xx_it.o(i.BusFault_Handler)
    i.DebugMon_Handler                       0x08000276   Section        0  stm32l1xx_it.o(i.DebugMon_Handler)
    i.Error_Handler                          0x08000278   Section        0  main.o(i.Error_Handler)
    Error_Handler                            0x08000279   Thumb Code    32  main.o(i.Error_Handler)
    i.HAL_Delay                              0x08000298   Section        0  stm32l1xx_hal.o(i.HAL_Delay)
    i.HAL_GPIO_Init                          0x080002b0   Section        0  stm32l1xx_hal_gpio.o(i.HAL_GPIO_Init)
    i.HAL_GPIO_TogglePin                     0x08000460   Section        0  stm32l1xx_hal_gpio.o(i.HAL_GPIO_TogglePin)
    i.HAL_GPIO_WritePin                      0x08000468   Section        0  stm32l1xx_hal_gpio.o(i.HAL_GPIO_WritePin)
    i.HAL_GetTick                            0x08000474   Section        0  stm32l1xx_hal.o(i.HAL_GetTick)
    i.HAL_IncTick                            0x08000480   Section        0  stm32l1xx_hal.o(i.HAL_IncTick)
    i.HAL_Init                               0x08000490   Section        0  stm32l1xx_hal.o(i.HAL_Init)
    i.HAL_InitTick                           0x080004bc   Section        0  stm32l1xx_hal.o(i.HAL_InitTick)
    i.HAL_MspInit                            0x080004e4   Section        0  stm32l1xx_hal_msp.o(i.HAL_MspInit)
    i.HAL_NVIC_SetPriority                   0x08000644   Section        0  stm32l1xx_hal_cortex.o(i.HAL_NVIC_SetPriority)
    i.HAL_NVIC_SetPriorityGrouping           0x08000684   Section        0  stm32l1xx_hal_cortex.o(i.HAL_NVIC_SetPriorityGrouping)
    i.HAL_PWREx_GetVoltageRange              0x080006a8   Section        0  stm32l1xx_hal_pwr_ex.o(i.HAL_PWREx_GetVoltageRange)
    i.HAL_RCC_ClockConfig                    0x080006b8   Section        0  stm32l1xx_hal_rcc.o(i.HAL_RCC_ClockConfig)
    i.HAL_RCC_GetSysClockFreq                0x0800088c   Section        0  stm32l1xx_hal_rcc.o(i.HAL_RCC_GetSysClockFreq)
    i.HAL_RCC_OscConfig                      0x08000918   Section        0  stm32l1xx_hal_rcc.o(i.HAL_RCC_OscConfig)
    i.HAL_SYSTICK_Config                     0x08001068   Section        0  stm32l1xx_hal_cortex.o(i.HAL_SYSTICK_Config)
    i.HardFault_Handler                      0x08001090   Section        0  stm32l1xx_it.o(i.HardFault_Handler)
    i.MemManage_Handler                      0x08001092   Section        0  stm32l1xx_it.o(i.MemManage_Handler)
    i.MyLinRots_ErrorStateProcess            0x08001094   Section        0  tsl_user.o(i.MyLinRots_ErrorStateProcess)
    i.MyLinRots_OffStateProcess              0x08001098   Section        0  tsl_user.o(i.MyLinRots_OffStateProcess)
    i.NMI_Handler                            0x0800109a   Section        0  stm32l1xx_it.o(i.NMI_Handler)
    i.NVIC_SetPriority                       0x0800109c   Section        0  stm32l1xx_hal_cortex.o(i.NVIC_SetPriority)
    NVIC_SetPriority                         0x0800109d   Thumb Code    32  stm32l1xx_hal_cortex.o(i.NVIC_SetPriority)
    i.PendSV_Handler                         0x080010bc   Section        0  stm32l1xx_it.o(i.PendSV_Handler)
    i.Process_Sensors                        0x080010c0   Section        0  main.o(i.Process_Sensors)
    i.RCC_SetFlashLatencyFromMSIRange        0x08001120   Section        0  stm32l1xx_hal_rcc.o(i.RCC_SetFlashLatencyFromMSIRange)
    RCC_SetFlashLatencyFromMSIRange          0x08001121   Thumb Code   112  stm32l1xx_hal_rcc.o(i.RCC_SetFlashLatencyFromMSIRange)
    i.SVC_Handler                            0x08001198   Section        0  stm32l1xx_it.o(i.SVC_Handler)
    i.SoftDelay                              0x0800119a   Section        0  tsl_acq_stm32l1xx_sw.o(i.SoftDelay)
    i.SysTick_Handler                        0x080011b2   Section        0  stm32l1xx_it.o(i.SysTick_Handler)
    i.SystemClock_Config                     0x080011c0   Section        0  main.o(i.SystemClock_Config)
    i.SystemInit                             0x08001248   Section        0  system_stm32l1xx.o(i.SystemInit)
    i.TIM11_IRQHandler                       0x08001298   Section        0  stm32l1xx_it.o(i.TIM11_IRQHandler)
    i.TSL_BankConf                           0x0800129c   Section        0  tsl_acq_stm32l1xx_sw.o(i.TSL_BankConf)
    i.TSL_Init                               0x08001348   Section        0  tsl.o(i.TSL_Init)
    i.TSL_acq_BankConfig                     0x08001374   Section        0  tsl_acq_stm32l1xx_sw.o(i.TSL_acq_BankConfig)
    i.TSL_acq_BankGetResult                  0x08001430   Section        0  tsl_acq.o(i.TSL_acq_BankGetResult)
    i.TSL_acq_BankStartAcq                   0x08001584   Section        0  tsl_acq_stm32l1xx_sw.o(i.TSL_acq_BankStartAcq)
    i.TSL_acq_BankWaitEOC                    0x080019fa   Section        0  tsl_acq_stm32l1xx_sw.o(i.TSL_acq_BankWaitEOC)
    i.TSL_acq_CheckNoise                     0x080019fe   Section        0  tsl_acq_stm32l1xx_sw.o(i.TSL_acq_CheckNoise)
    i.TSL_acq_ComputeDelta                   0x08001a02   Section        0  tsl_acq_stm32l1xx_sw.o(i.TSL_acq_ComputeDelta)
    i.TSL_acq_ComputeMeas                    0x08001a08   Section        0  tsl_acq_stm32l1xx_sw.o(i.TSL_acq_ComputeMeas)
    i.TSL_acq_GetMeas                        0x08001a10   Section        0  tsl_acq_stm32l1xx_sw.o(i.TSL_acq_GetMeas)
    i.TSL_acq_GroupDone                      0x08001a20   Section        0  tsl_acq_stm32l1xx_sw.o(i.TSL_acq_GroupDone)
    i.TSL_acq_Init                           0x08001a50   Section        0  tsl_acq_stm32l1xx_sw.o(i.TSL_acq_Init)
    i.TSL_acq_ProcessIT                      0x08001d88   Section        0  tsl_acq_stm32l1xx_sw.o(i.TSL_acq_ProcessIT)
    i.TSL_acq_TestFirstReferenceIsValid      0x08001d8a   Section        0  tsl_acq_stm32l1xx_sw.o(i.TSL_acq_TestFirstReferenceIsValid)
    i.TSL_acq_TestReferenceOutOfRange        0x08001d8e   Section        0  tsl_acq_stm32l1xx_sw.o(i.TSL_acq_TestReferenceOutOfRange)
    i.TSL_acq_UseFilter                      0x08001d92   Section        0  tsl_acq_stm32l1xx_sw.o(i.TSL_acq_UseFilter)
    i.TSL_dxs_FirstObj                       0x08001d96   Section        0  tsl_dxs.o(i.TSL_dxs_FirstObj)
    i.TSL_ecs_CalcK                          0x08001d98   Section        0  tsl_ecs.o(i.TSL_ecs_CalcK)
    i.TSL_ecs_Process                        0x08001e44   Section        0  tsl_ecs.o(i.TSL_ecs_Process)
    i.TSL_ecs_ProcessK                       0x08001ebc   Section        0  tsl_ecs.o(i.TSL_ecs_ProcessK)
    i.TSL_linrot_CalcPos                     0x08001f78   Section        0  tsl_linrot.o(i.TSL_linrot_CalcPos)
    i.TSL_linrot_CalibrationStateProcess     0x080021d4   Section        0  tsl_linrot.o(i.TSL_linrot_CalibrationStateProcess)
    i.TSL_linrot_DebCalibrationStateProcess  0x080022cc   Section        0  tsl_linrot.o(i.TSL_linrot_DebCalibrationStateProcess)
    i.TSL_linrot_DebDetectStateProcess       0x08002310   Section        0  tsl_linrot.o(i.TSL_linrot_DebDetectStateProcess)
    i.TSL_linrot_DebErrorStateProcess        0x08002354   Section        0  tsl_linrot.o(i.TSL_linrot_DebErrorStateProcess)
    i.TSL_linrot_DebReleaseDetectStateProcess 0x080023c0   Section        0  tsl_linrot.o(i.TSL_linrot_DebReleaseDetectStateProcess)
    i.TSL_linrot_DebReleaseTouchStateProcess 0x08002404   Section        0  tsl_linrot.o(i.TSL_linrot_DebReleaseTouchStateProcess)
    i.TSL_linrot_DetectStateProcess          0x08002448   Section        0  tsl_linrot.o(i.TSL_linrot_DetectStateProcess)
    i.TSL_linrot_GetStateMask                0x080024b8   Section        0  tsl_linrot.o(i.TSL_linrot_GetStateMask)
    i.TSL_linrot_Init                        0x080024dc   Section        0  tsl_linrot.o(i.TSL_linrot_Init)
    i.TSL_linrot_NormDelta                   0x08002534   Section        0  tsl_linrot.o(i.TSL_linrot_NormDelta)
    i.TSL_linrot_Process                     0x08002554   Section        0  tsl_linrot.o(i.TSL_linrot_Process)
    i.TSL_linrot_ProcessCh_All_ClearRef      0x080025a4   Section        0  tsl_linrot.o(i.TSL_linrot_ProcessCh_All_ClearRef)
    i.TSL_linrot_ProcessCh_All_SetStatus     0x080025cc   Section        0  tsl_linrot.o(i.TSL_linrot_ProcessCh_All_SetStatus)
    i.TSL_linrot_ProcessCh_One_AcqStatusError 0x080025f4   Section        0  tsl_linrot.o(i.TSL_linrot_ProcessCh_One_AcqStatusError)
    i.TSL_linrot_ProcessCh_One_DataReady     0x08002620   Section        0  tsl_linrot.o(i.TSL_linrot_ProcessCh_One_DataReady)
    i.TSL_linrot_ProcessCh_One_DeltaAbove    0x08002650   Section        0  tsl_linrot.o(i.TSL_linrot_ProcessCh_One_DeltaAbove)
    i.TSL_linrot_ProcessCh_One_DeltaAboveEqu 0x08002684   Section        0  tsl_linrot.o(i.TSL_linrot_ProcessCh_One_DeltaAboveEqu)
    i.TSL_linrot_ProcessCh_One_DeltaBelowEquMinus 0x080026b8   Section        0  tsl_linrot.o(i.TSL_linrot_ProcessCh_One_DeltaBelowEquMinus)
    i.TSL_linrot_ReleaseStateProcess         0x080026ec   Section        0  tsl_linrot.o(i.TSL_linrot_ReleaseStateProcess)
    i.TSL_linrot_SetStateCalibration         0x0800276c   Section        0  tsl_linrot.o(i.TSL_linrot_SetStateCalibration)
    i.TSL_linrot_SetStateOff                 0x080027c8   Section        0  tsl_linrot.o(i.TSL_linrot_SetStateOff)
    i.TSL_linrot_TouchStateProcess           0x080027e8   Section        0  tsl_linrot.o(i.TSL_linrot_TouchStateProcess)
    i.TSL_obj_GroupInit                      0x08002858   Section        0  tsl_object.o(i.TSL_obj_GroupInit)
    i.TSL_obj_GroupProcess                   0x080028c0   Section        0  tsl_object.o(i.TSL_obj_GroupProcess)
    i.TSL_obj_SetGlobalObj                   0x08002928   Section        0  tsl_object.o(i.TSL_obj_SetGlobalObj)
    i.TSL_tim_CheckDelay_ms                  0x08002948   Section        0  tsl_time.o(i.TSL_tim_CheckDelay_ms)
    i.TSL_tim_ProcessIT                      0x080029a4   Section        0  tsl_time.o(i.TSL_tim_ProcessIT)
    i.UsageFault_Handler                     0x080029d8   Section        0  stm32l1xx_it.o(i.UsageFault_Handler)
    i.__scatterload_copy                     0x080029da   Section       14  handlers.o(i.__scatterload_copy)
    i.__scatterload_null                     0x080029e8   Section        2  handlers.o(i.__scatterload_null)
    i.__scatterload_zeroinit                 0x080029ea   Section       14  handlers.o(i.__scatterload_zeroinit)
    i.main                                   0x080029f8   Section        0  main.o(i.main)
    i.tsl_user_Exec                          0x08002a64   Section        0  tsl_user.o(i.tsl_user_Exec)
    i.tsl_user_Init                          0x08002ad4   Section        0  tsl_user.o(i.tsl_user_Init)
    .constdata                               0x08002af0   Section       25  system_stm32l1xx.o(.constdata)
    .constdata                               0x08002b09   Section        3  tsl_user.o(.constdata)
    .constdata                               0x08002b0c   Section        1  tsl_user.o(.constdata)
    .constdata                               0x08002b10   Section       16  tsl_user.o(.constdata)
    .constdata                               0x08002b20   Section      160  tsl_user.o(.constdata)
    .constdata                               0x08002bc0   Section       12  tsl_user.o(.constdata)
    .constdata                               0x08002bcc   Section        6  tsl_user.o(.constdata)
    .constdata                               0x08002bd4   Section       36  tsl_user.o(.constdata)
    .constdata                               0x08002bf8   Section        8  tsl_user.o(.constdata)
    .constdata                               0x08002c00   Section      404  tsl_acq_stm32l1xx_sw.o(.constdata)
    .constdata                               0x08002d94   Section       18  tsl_linrot.o(.constdata)
    .constdata                               0x08002da6   Section       42  stm32l152d_eval.o(.constdata)
    .data                                    0x20000000   Section        4  system_stm32l1xx.o(.data)
    .data                                    0x20000004   Section        4  stm32l1xx_hal.o(.data)
    .data                                    0x20000008   Section       28  tsl_user.o(.data)
    idx_bank                                 0x2000000c   Data           4  tsl_user.o(.data)
    config_done                              0x20000010   Data           4  tsl_user.o(.data)
    .data                                    0x20000024   Section       16  tsl_user.o(.data)
    .data                                    0x20000034   Section        8  tsl_user.o(.data)
    .data                                    0x2000003c   Section        2  tsl_time.o(.data)
    count_1s                                 0x2000003c   Data           2  tsl_time.o(.data)
    .data                                    0x20000040   Section      116  tsl_acq_stm32l1xx_sw.o(.data)
    .data                                    0x200000b4   Section       10  tsl_linrot.o(.data)
    index1                                   0x200000b4   Data           1  tsl_linrot.o(.data)
    index2                                   0x200000b5   Data           1  tsl_linrot.o(.data)
    delta1                                   0x200000b6   Data           2  tsl_linrot.o(.data)
    delta2                                   0x200000b8   Data           2  tsl_linrot.o(.data)
    delta3                                   0x200000ba   Data           2  tsl_linrot.o(.data)
    CalibDiv                                 0x200000bc   Data           2  tsl_linrot.o(.data)
    .data                                    0x200000c0   Section       60  stm32l152d_eval.o(.data)
    .bss                                     0x200000fc   Section       12  tsl_user.o(.bss)
    .bss                                     0x20000108   Section       10  tsl_user.o(.bss)
    .bss                                     0x20000114   Section      180  tsl_acq_stm32l1xx_sw.o(.bss)
    .bss                                     0x200001c8   Section       24  tsl_globals.o(.bss)
    STACK                                    0x200001e0   Section     1024  startup_stm32l152xd.o(STACK)

    Global Symbols

    Symbol Name                              Value     Ov Type        Size  Object(Section)

    BuildAttributes$$THM_ISAv4$P$D$K$B$S$PE$A:L22UL41UL21$X:L11$S22US41US21$IEEE1$IW$USESV6$~STKCKD$USESV7$~SHL$OSPACE$EBA8$MICROLIB$REQ8$PRES8$EABIv2 0x00000000   Number         0  anon$$obj.o ABSOLUTE
    __ARM_use_no_argv                        0x00000000   Number         0  main.o ABSOLUTE
    __cpp_initialize__aeabi_                  - Undefined Weak Reference
    __cxa_finalize                            - Undefined Weak Reference
    __decompress                              - Undefined Weak Reference
    _clock_init                               - Undefined Weak Reference
    _microlib_exit                            - Undefined Weak Reference
    __Vectors_Size                           0x00000124   Number         0  startup_stm32l152xd.o ABSOLUTE
    __Vectors                                0x08000000   Data           4  startup_stm32l152xd.o(RESET)
    __Vectors_End                            0x08000124   Data           0  startup_stm32l152xd.o(RESET)
    __main                                   0x08000125   Thumb Code     0  entry.o(.ARM.Collect$$$$00000000)
    _main_stk                                0x08000125   Thumb Code     0  entry2.o(.ARM.Collect$$$$00000001)
    _main_scatterload                        0x08000129   Thumb Code     0  entry5.o(.ARM.Collect$$$$00000004)
    __main_after_scatterload                 0x0800012d   Thumb Code     0  entry5.o(.ARM.Collect$$$$00000004)
    _main_clock                              0x0800012d   Thumb Code     0  entry7b.o(.ARM.Collect$$$$00000008)
    _main_cpp_init                           0x0800012d   Thumb Code     0  entry8b.o(.ARM.Collect$$$$0000000A)
    _main_init                               0x0800012d   Thumb Code     0  entry9a.o(.ARM.Collect$$$$0000000B)
    __rt_final_cpp                           0x08000135   Thumb Code     0  entry10a.o(.ARM.Collect$$$$0000000D)
    __rt_final_exit                          0x08000135   Thumb Code     0  entry11a.o(.ARM.Collect$$$$0000000F)
    Reset_Handler                            0x08000139   Thumb Code     8  startup_stm32l152xd.o(.text)
    ADC1_IRQHandler                          0x08000153   Thumb Code     0  startup_stm32l152xd.o(.text)
    COMP_ACQ_IRQHandler                      0x08000153   Thumb Code     0  startup_stm32l152xd.o(.text)
    COMP_IRQHandler                          0x08000153   Thumb Code     0  startup_stm32l152xd.o(.text)
    DAC_IRQHandler                           0x08000153   Thumb Code     0  startup_stm32l152xd.o(.text)
    DMA1_Channel1_IRQHandler                 0x08000153   Thumb Code     0  startup_stm32l152xd.o(.text)
    DMA1_Channel2_IRQHandler                 0x08000153   Thumb Code     0  startup_stm32l152xd.o(.text)
    DMA1_Channel3_IRQHandler                 0x08000153   Thumb Code     0  startup_stm32l152xd.o(.text)
    DMA1_Channel4_IRQHandler                 0x08000153   Thumb Code     0  startup_stm32l152xd.o(.text)
    DMA1_Channel5_IRQHandler                 0x08000153   Thumb Code     0  startup_stm32l152xd.o(.text)
    DMA1_Channel6_IRQHandler                 0x08000153   Thumb Code     0  startup_stm32l152xd.o(.text)
    DMA1_Channel7_IRQHandler                 0x08000153   Thumb Code     0  startup_stm32l152xd.o(.text)
    DMA2_Channel1_IRQHandler                 0x08000153   Thumb Code     0  startup_stm32l152xd.o(.text)
    DMA2_Channel2_IRQHandler                 0x08000153   Thumb Code     0  startup_stm32l152xd.o(.text)
    DMA2_Channel3_IRQHandler                 0x08000153   Thumb Code     0  startup_stm32l152xd.o(.text)
    DMA2_Channel4_IRQHandler                 0x08000153   Thumb Code     0  startup_stm32l152xd.o(.text)
    DMA2_Channel5_IRQHandler                 0x08000153   Thumb Code     0  startup_stm32l152xd.o(.text)
    EXTI0_IRQHandler                         0x08000153   Thumb Code     0  startup_stm32l152xd.o(.text)
    EXTI15_10_IRQHandler                     0x08000153   Thumb Code     0  startup_stm32l152xd.o(.text)
    EXTI1_IRQHandler                         0x08000153   Thumb Code     0  startup_stm32l152xd.o(.text)
    EXTI2_IRQHandler                         0x08000153   Thumb Code     0  startup_stm32l152xd.o(.text)
    EXTI3_IRQHandler                         0x08000153   Thumb Code     0  startup_stm32l152xd.o(.text)
    EXTI4_IRQHandler                         0x08000153   Thumb Code     0  startup_stm32l152xd.o(.text)
    EXTI9_5_IRQHandler                       0x08000153   Thumb Code     0  startup_stm32l152xd.o(.text)
    FLASH_IRQHandler                         0x08000153   Thumb Code     0  startup_stm32l152xd.o(.text)
    I2C1_ER_IRQHandler                       0x08000153   Thumb Code     0  startup_stm32l152xd.o(.text)
    I2C1_EV_IRQHandler                       0x08000153   Thumb Code     0  startup_stm32l152xd.o(.text)
    I2C2_ER_IRQHandler                       0x08000153   Thumb Code     0  startup_stm32l152xd.o(.text)
    I2C2_EV_IRQHandler                       0x08000153   Thumb Code     0  startup_stm32l152xd.o(.text)
    LCD_IRQHandler                           0x08000153   Thumb Code     0  startup_stm32l152xd.o(.text)
    PVD_IRQHandler                           0x08000153   Thumb Code     0  startup_stm32l152xd.o(.text)
    RCC_IRQHandler                           0x08000153   Thumb Code     0  startup_stm32l152xd.o(.text)
    RTC_Alarm_IRQHandler                     0x08000153   Thumb Code     0  startup_stm32l152xd.o(.text)
    RTC_WKUP_IRQHandler                      0x08000153   Thumb Code     0  startup_stm32l152xd.o(.text)
    SDIO_IRQHandler                          0x08000153   Thumb Code     0  startup_stm32l152xd.o(.text)
    SPI1_IRQHandler                          0x08000153   Thumb Code     0  startup_stm32l152xd.o(.text)
    SPI2_IRQHandler                          0x08000153   Thumb Code     0  startup_stm32l152xd.o(.text)
    SPI3_IRQHandler                          0x08000153   Thumb Code     0  startup_stm32l152xd.o(.text)
    TAMPER_STAMP_IRQHandler                  0x08000153   Thumb Code     0  startup_stm32l152xd.o(.text)
    TIM10_IRQHandler                         0x08000153   Thumb Code     0  startup_stm32l152xd.o(.text)
    TIM2_IRQHandler                          0x08000153   Thumb Code     0  startup_stm32l152xd.o(.text)
    TIM3_IRQHandler                          0x08000153   Thumb Code     0  startup_stm32l152xd.o(.text)
    TIM4_IRQHandler                          0x08000153   Thumb Code     0  startup_stm32l152xd.o(.text)
    TIM5_IRQHandler                          0x08000153   Thumb Code     0  startup_stm32l152xd.o(.text)
    TIM6_IRQHandler                          0x08000153   Thumb Code     0  startup_stm32l152xd.o(.text)
    TIM7_IRQHandler                          0x08000153   Thumb Code     0  startup_stm32l152xd.o(.text)
    TIM9_IRQHandler                          0x08000153   Thumb Code     0  startup_stm32l152xd.o(.text)
    UART4_IRQHandler                         0x08000153   Thumb Code     0  startup_stm32l152xd.o(.text)
    UART5_IRQHandler                         0x08000153   Thumb Code     0  startup_stm32l152xd.o(.text)
    USART1_IRQHandler                        0x08000153   Thumb Code     0  startup_stm32l152xd.o(.text)
    USART2_IRQHandler                        0x08000153   Thumb Code     0  startup_stm32l152xd.o(.text)
    USART3_IRQHandler                        0x08000153   Thumb Code     0  startup_stm32l152xd.o(.text)
    USB_FS_WKUP_IRQHandler                   0x08000153   Thumb Code     0  startup_stm32l152xd.o(.text)
    USB_HP_IRQHandler                        0x08000153   Thumb Code     0  startup_stm32l152xd.o(.text)
    USB_LP_IRQHandler                        0x08000153   Thumb Code     0  startup_stm32l152xd.o(.text)
    WWDG_IRQHandler                          0x08000153   Thumb Code     0  startup_stm32l152xd.o(.text)
    __aeabi_memset                           0x0800015d   Thumb Code    14  memseta.o(.text)
    __aeabi_memset4                          0x0800015d   Thumb Code     0  memseta.o(.text)
    __aeabi_memset8                          0x0800015d   Thumb Code     0  memseta.o(.text)
    __aeabi_memclr                           0x0800016b   Thumb Code     4  memseta.o(.text)
    __aeabi_memclr4                          0x0800016b   Thumb Code     0  memseta.o(.text)
    __aeabi_memclr8                          0x0800016b   Thumb Code     0  memseta.o(.text)
    _memset$wrapper                          0x0800016f   Thumb Code    18  memseta.o(.text)
    __scatterload                            0x08000181   Thumb Code    28  init.o(.text)
    __scatterload_rt2                        0x08000181   Thumb Code     0  init.o(.text)
    BSP_LED_Init                             0x080001a5   Thumb Code   114  stm32l152d_eval.o(i.BSP_LED_Init)
    BSP_LED_Off                              0x08000225   Thumb Code    18  stm32l152d_eval.o(i.BSP_LED_Off)
    BSP_LED_On                               0x08000241   Thumb Code    18  stm32l152d_eval.o(i.BSP_LED_On)
    BSP_LED_Toggle                           0x0800025d   Thumb Code    16  stm32l152d_eval.o(i.BSP_LED_Toggle)
    BusFault_Handler                         0x08000275   Thumb Code     2  stm32l1xx_it.o(i.BusFault_Handler)
    DebugMon_Handler                         0x08000277   Thumb Code     2  stm32l1xx_it.o(i.DebugMon_Handler)
    HAL_Delay                                0x08000299   Thumb Code    22  stm32l1xx_hal.o(i.HAL_Delay)
    HAL_GPIO_Init                            0x080002b1   Thumb Code   392  stm32l1xx_hal_gpio.o(i.HAL_GPIO_Init)
    HAL_GPIO_TogglePin                       0x08000461   Thumb Code     8  stm32l1xx_hal_gpio.o(i.HAL_GPIO_TogglePin)
    HAL_GPIO_WritePin                        0x08000469   Thumb Code    10  stm32l1xx_hal_gpio.o(i.HAL_GPIO_WritePin)
    HAL_GetTick                              0x08000475   Thumb Code     6  stm32l1xx_hal.o(i.HAL_GetTick)
    HAL_IncTick                              0x08000481   Thumb Code    10  stm32l1xx_hal.o(i.HAL_IncTick)
    HAL_Init                                 0x08000491   Thumb Code    40  stm32l1xx_hal.o(i.HAL_Init)
    HAL_InitTick                             0x080004bd   Thumb Code    34  stm32l1xx_hal.o(i.HAL_InitTick)
    HAL_MspInit                              0x080004e5   Thumb Code   314  stm32l1xx_hal_msp.o(i.HAL_MspInit)
    HAL_NVIC_SetPriority                     0x08000645   Thumb Code    60  stm32l1xx_hal_cortex.o(i.HAL_NVIC_SetPriority)
    HAL_NVIC_SetPriorityGrouping             0x08000685   Thumb Code    26  stm32l1xx_hal_cortex.o(i.HAL_NVIC_SetPriorityGrouping)
    HAL_PWREx_GetVoltageRange                0x080006a9   Thumb Code    10  stm32l1xx_hal_pwr_ex.o(i.HAL_PWREx_GetVoltageRange)
    HAL_RCC_ClockConfig                      0x080006b9   Thumb Code   450  stm32l1xx_hal_rcc.o(i.HAL_RCC_ClockConfig)
    HAL_RCC_GetSysClockFreq                  0x0800088d   Thumb Code   122  stm32l1xx_hal_rcc.o(i.HAL_RCC_GetSysClockFreq)
    HAL_RCC_OscConfig                        0x08000919   Thumb Code  1860  stm32l1xx_hal_rcc.o(i.HAL_RCC_OscConfig)
    HAL_SYSTICK_Config                       0x08001069   Thumb Code    40  stm32l1xx_hal_cortex.o(i.HAL_SYSTICK_Config)
    HardFault_Handler                        0x08001091   Thumb Code     2  stm32l1xx_it.o(i.HardFault_Handler)
    MemManage_Handler                        0x08001093   Thumb Code     2  stm32l1xx_it.o(i.MemManage_Handler)
    MyLinRots_ErrorStateProcess              0x08001095   Thumb Code     4  tsl_user.o(i.MyLinRots_ErrorStateProcess)
    MyLinRots_OffStateProcess                0x08001099   Thumb Code     2  tsl_user.o(i.MyLinRots_OffStateProcess)
    NMI_Handler                              0x0800109b   Thumb Code     2  stm32l1xx_it.o(i.NMI_Handler)
    PendSV_Handler                           0x080010bd   Thumb Code     2  stm32l1xx_it.o(i.PendSV_Handler)
    Process_Sensors                          0x080010c1   Thumb Code    90  main.o(i.Process_Sensors)
    SVC_Handler                              0x08001199   Thumb Code     2  stm32l1xx_it.o(i.SVC_Handler)
    SoftDelay                                0x0800119b   Thumb Code    24  tsl_acq_stm32l1xx_sw.o(i.SoftDelay)
    SysTick_Handler                          0x080011b3   Thumb Code    14  stm32l1xx_it.o(i.SysTick_Handler)
    SystemClock_Config                       0x080011c1   Thumb Code   126  main.o(i.SystemClock_Config)
    SystemInit                               0x08001249   Thumb Code    62  system_stm32l1xx.o(i.SystemInit)
    TIM11_IRQHandler                         0x08001299   Thumb Code     4  stm32l1xx_it.o(i.TIM11_IRQHandler)
    TSL_BankConf                             0x0800129d   Thumb Code   166  tsl_acq_stm32l1xx_sw.o(i.TSL_BankConf)
    TSL_Init                                 0x08001349   Thumb Code    32  tsl.o(i.TSL_Init)
    TSL_acq_BankConfig                       0x08001375   Thumb Code   174  tsl_acq_stm32l1xx_sw.o(i.TSL_acq_BankConfig)
    TSL_acq_BankGetResult                    0x08001431   Thumb Code   330  tsl_acq.o(i.TSL_acq_BankGetResult)
    TSL_acq_BankStartAcq                     0x08001585   Thumb Code  1142  tsl_acq_stm32l1xx_sw.o(i.TSL_acq_BankStartAcq)
    TSL_acq_BankWaitEOC                      0x080019fb   Thumb Code     4  tsl_acq_stm32l1xx_sw.o(i.TSL_acq_BankWaitEOC)
    TSL_acq_CheckNoise                       0x080019ff   Thumb Code     4  tsl_acq_stm32l1xx_sw.o(i.TSL_acq_CheckNoise)
    TSL_acq_ComputeDelta                     0x08001a03   Thumb Code     6  tsl_acq_stm32l1xx_sw.o(i.TSL_acq_ComputeDelta)
    TSL_acq_ComputeMeas                      0x08001a09   Thumb Code     6  tsl_acq_stm32l1xx_sw.o(i.TSL_acq_ComputeMeas)
    TSL_acq_GetMeas                          0x08001a11   Thumb Code    10  tsl_acq_stm32l1xx_sw.o(i.TSL_acq_GetMeas)
    TSL_acq_GroupDone                        0x08001a21   Thumb Code    38  tsl_acq_stm32l1xx_sw.o(i.TSL_acq_GroupDone)
    TSL_acq_Init                             0x08001a51   Thumb Code   808  tsl_acq_stm32l1xx_sw.o(i.TSL_acq_Init)
    TSL_acq_ProcessIT                        0x08001d89   Thumb Code     2  tsl_acq_stm32l1xx_sw.o(i.TSL_acq_ProcessIT)
    TSL_acq_TestFirstReferenceIsValid        0x08001d8b   Thumb Code     4  tsl_acq_stm32l1xx_sw.o(i.TSL_acq_TestFirstReferenceIsValid)
    TSL_acq_TestReferenceOutOfRange          0x08001d8f   Thumb Code     4  tsl_acq_stm32l1xx_sw.o(i.TSL_acq_TestReferenceOutOfRange)
    TSL_acq_UseFilter                        0x08001d93   Thumb Code     4  tsl_acq_stm32l1xx_sw.o(i.TSL_acq_UseFilter)
    TSL_dxs_FirstObj                         0x08001d97   Thumb Code     2  tsl_dxs.o(i.TSL_dxs_FirstObj)
    TSL_ecs_CalcK                            0x08001d99   Thumb Code   168  tsl_ecs.o(i.TSL_ecs_CalcK)
    TSL_ecs_Process                          0x08001e45   Thumb Code   114  tsl_ecs.o(i.TSL_ecs_Process)
    TSL_ecs_ProcessK                         0x08001ebd   Thumb Code   178  tsl_ecs.o(i.TSL_ecs_ProcessK)
    TSL_linrot_CalcPos                       0x08001f79   Thumb Code   596  tsl_linrot.o(i.TSL_linrot_CalcPos)
    TSL_linrot_CalibrationStateProcess       0x080021d5   Thumb Code   236  tsl_linrot.o(i.TSL_linrot_CalibrationStateProcess)
    TSL_linrot_DebCalibrationStateProcess    0x080022cd   Thumb Code    62  tsl_linrot.o(i.TSL_linrot_DebCalibrationStateProcess)
    TSL_linrot_DebDetectStateProcess         0x08002311   Thumb Code    62  tsl_linrot.o(i.TSL_linrot_DebDetectStateProcess)
    TSL_linrot_DebErrorStateProcess          0x08002355   Thumb Code   104  tsl_linrot.o(i.TSL_linrot_DebErrorStateProcess)
    TSL_linrot_DebReleaseDetectStateProcess  0x080023c1   Thumb Code    62  tsl_linrot.o(i.TSL_linrot_DebReleaseDetectStateProcess)
    TSL_linrot_DebReleaseTouchStateProcess   0x08002405   Thumb Code    62  tsl_linrot.o(i.TSL_linrot_DebReleaseTouchStateProcess)
    TSL_linrot_DetectStateProcess            0x08002449   Thumb Code   104  tsl_linrot.o(i.TSL_linrot_DetectStateProcess)
    TSL_linrot_GetStateMask                  0x080024b9   Thumb Code    30  tsl_linrot.o(i.TSL_linrot_GetStateMask)
    TSL_linrot_Init                          0x080024dd   Thumb Code    82  tsl_linrot.o(i.TSL_linrot_Init)
    TSL_linrot_NormDelta                     0x08002535   Thumb Code    28  tsl_linrot.o(i.TSL_linrot_NormDelta)
    TSL_linrot_Process                       0x08002555   Thumb Code    76  tsl_linrot.o(i.TSL_linrot_Process)
    TSL_linrot_ProcessCh_All_ClearRef        0x080025a5   Thumb Code    34  tsl_linrot.o(i.TSL_linrot_ProcessCh_All_ClearRef)
    TSL_linrot_ProcessCh_All_SetStatus       0x080025cd   Thumb Code    36  tsl_linrot.o(i.TSL_linrot_ProcessCh_All_SetStatus)
    TSL_linrot_ProcessCh_One_AcqStatusError  0x080025f5   Thumb Code    38  tsl_linrot.o(i.TSL_linrot_ProcessCh_One_AcqStatusError)
    TSL_linrot_ProcessCh_One_DataReady       0x08002621   Thumb Code    44  tsl_linrot.o(i.TSL_linrot_ProcessCh_One_DataReady)
    TSL_linrot_ProcessCh_One_DeltaAbove      0x08002651   Thumb Code    48  tsl_linrot.o(i.TSL_linrot_ProcessCh_One_DeltaAbove)
    TSL_linrot_ProcessCh_One_DeltaAboveEqu   0x08002685   Thumb Code    48  tsl_linrot.o(i.TSL_linrot_ProcessCh_One_DeltaAboveEqu)
    TSL_linrot_ProcessCh_One_DeltaBelowEquMinus 0x080026b9   Thumb Code    48  tsl_linrot.o(i.TSL_linrot_ProcessCh_One_DeltaBelowEquMinus)
    TSL_linrot_ReleaseStateProcess           0x080026ed   Thumb Code   122  tsl_linrot.o(i.TSL_linrot_ReleaseStateProcess)
    TSL_linrot_SetStateCalibration           0x0800276d   Thumb Code    80  tsl_linrot.o(i.TSL_linrot_SetStateCalibration)
    TSL_linrot_SetStateOff                   0x080027c9   Thumb Code    28  tsl_linrot.o(i.TSL_linrot_SetStateOff)
    TSL_linrot_TouchStateProcess             0x080027e9   Thumb Code   104  tsl_linrot.o(i.TSL_linrot_TouchStateProcess)
    TSL_obj_GroupInit                        0x08002859   Thumb Code   100  tsl_object.o(i.TSL_obj_GroupInit)
    TSL_obj_GroupProcess                     0x080028c1   Thumb Code   100  tsl_object.o(i.TSL_obj_GroupProcess)
    TSL_obj_SetGlobalObj                     0x08002929   Thumb Code    28  tsl_object.o(i.TSL_obj_SetGlobalObj)
    TSL_tim_CheckDelay_ms                    0x08002949   Thumb Code    86  tsl_time.o(i.TSL_tim_CheckDelay_ms)
    TSL_tim_ProcessIT                        0x080029a5   Thumb Code    44  tsl_time.o(i.TSL_tim_ProcessIT)
    UsageFault_Handler                       0x080029d9   Thumb Code     2  stm32l1xx_it.o(i.UsageFault_Handler)
    __scatterload_copy                       0x080029db   Thumb Code    14  handlers.o(i.__scatterload_copy)
    __scatterload_null                       0x080029e9   Thumb Code     2  handlers.o(i.__scatterload_null)
    __scatterload_zeroinit                   0x080029eb   Thumb Code    14  handlers.o(i.__scatterload_zeroinit)
    main                                     0x080029f9   Thumb Code   106  main.o(i.main)
    tsl_user_Exec                            0x08002a65   Thumb Code   108  tsl_user.o(i.tsl_user_Exec)
    tsl_user_Init                            0x08002ad5   Thumb Code    18  tsl_user.o(i.tsl_user_Init)
    PLLMulTable                              0x08002af0   Data           9  system_stm32l1xx.o(.constdata)
    AHBPrescTable                            0x08002af9   Data          16  system_stm32l1xx.o(.constdata)
    MyChannels_Src                           0x08002b09   Data           3  tsl_user.o(.constdata)
    MyChannels_Dest                          0x08002b0c   Data           1  tsl_user.o(.constdata)
    MyBanks                                  0x08002b10   Data          16  tsl_user.o(.constdata)
    MyLinRots_StateMachine                   0x08002b20   Data         160  tsl_user.o(.constdata)
    MyLinRots_Methods                        0x08002bc0   Data          12  tsl_user.o(.constdata)
    MyLinRot0_DeltaCoeff                     0x08002bcc   Data           6  tsl_user.o(.constdata)
    MyLinRots                                0x08002bd4   Data          36  tsl_user.o(.constdata)
    MyObjects                                0x08002bf8   Data           8  tsl_user.o(.constdata)
    TSL_RI_Conf_LookUpTable                  0x08002c00   Data         404  tsl_acq_stm32l1xx_sw.o(.constdata)
    TSL_POSOFF_3CH_LIN_H                     0x08002d94   Data          18  tsl_linrot.o(.constdata)
    JOY_IRQn                                 0x08002da6   Data           5  stm32l152d_eval.o(.constdata)
    BUTTON_IRQn                              0x08002dab   Data           6  stm32l152d_eval.o(.constdata)
    LED_PIN                                  0x08002db2   Data           8  stm32l152d_eval.o(.constdata)
    BUTTON_PIN                               0x08002dba   Data          12  stm32l152d_eval.o(.constdata)
    JOY_PIN                                  0x08002dc6   Data          10  stm32l152d_eval.o(.constdata)
    Region$$Table$$Base                      0x08002dd0   Number         0  anon$$obj.o(Region$$Table)
    Region$$Table$$Limit                     0x08002df0   Number         0  anon$$obj.o(Region$$Table)
    SystemCoreClock                          0x20000000   Data           4  system_stm32l1xx.o(.data)
    uwTick                                   0x20000004   Data           4  stm32l1xx_hal.o(.data)
    ECSLastTick                              0x20000008   Data           2  tsl_user.o(.data)
    MyObjGroup                               0x20000014   Data          16  tsl_user.o(.data)
    TSL_Params                               0x20000024   Data          16  tsl_user.o(.data)
    MyLinRots_Data                           0x20000034   Data           8  tsl_user.o(.data)
    NumberOfChannelOn                        0x20000040   Data           1  tsl_acq_stm32l1xx_sw.o(.data)
    SpreadCounter                            0x20000041   Data           1  tsl_acq_stm32l1xx_sw.o(.data)
    NumberOfChannels                         0x20000042   Data           2  tsl_acq_stm32l1xx_sw.o(.data)
    GroupToCheck                             0x20000044   Data           2  tsl_acq_stm32l1xx_sw.o(.data)
    GPIOB_IDR_Mask                           0x20000048   Data           4  tsl_acq_stm32l1xx_sw.o(.data)
    GPIOF_IDR_Mask                           0x2000004c   Data           4  tsl_acq_stm32l1xx_sw.o(.data)
    bank                                     0x20000050   Data           4  tsl_acq_stm32l1xx_sw.o(.data)
    TSL_GPIO_Clock_LookUpTable               0x20000054   Data          32  tsl_acq_stm32l1xx_sw.o(.data)
    TSL_GPIO_LookUpTable                     0x20000074   Data          32  tsl_acq_stm32l1xx_sw.o(.data)
    TSL_RI_HYSCR_LookUpTable                 0x20000094   Data          32  tsl_acq_stm32l1xx_sw.o(.data)
    LED_PORT                                 0x200000c0   Data          16  stm32l152d_eval.o(.data)
    BUTTON_PORT                              0x200000d0   Data          24  stm32l152d_eval.o(.data)
    JOY_PORT                                 0x200000e8   Data          20  stm32l152d_eval.o(.data)
    MyChannels_Data                          0x200000fc   Data          12  tsl_user.o(.bss)
    MyLinRots_Param                          0x20000108   Data          10  tsl_user.o(.bss)
    TSL_BankSampleConf                       0x20000114   Data          68  tsl_acq_stm32l1xx_sw.o(.bss)
    TSL_BankChannelConf                      0x20000158   Data          68  tsl_acq_stm32l1xx_sw.o(.bss)
    tab_MeasurementCounter                   0x2000019c   Data          44  tsl_acq_stm32l1xx_sw.o(.bss)
    TSL_Globals                              0x200001c8   Data          24  tsl_globals.o(.bss)
    __initial_sp                             0x200005e0   Data           0  startup_stm32l152xd.o(STACK)



==============================================================================

Memory Map of the image

  Image Entry point : 0x08000125

  Load Region LR_IROM1 (Base: 0x08000000, Size: 0x00002eec, Max: 0x00060000, ABSOLUTE)

    Execution Region ER_IROM1 (Base: 0x08000000, Size: 0x00002df0, Max: 0x00060000, ABSOLUTE)

    Base Addr    Size         Type   Attr      Idx    E Section Name        Object

    0x08000000   0x00000124   Data   RO         1194    RESET               startup_stm32l152xd.o
    0x08000124   0x00000000   Code   RO         1899  * .ARM.Collect$$$$00000000  mc_w.l(entry.o)
    0x08000124   0x00000004   Code   RO         1904    .ARM.Collect$$$$00000001  mc_w.l(entry2.o)
    0x08000128   0x00000004   Code   RO         1907    .ARM.Collect$$$$00000004  mc_w.l(entry5.o)
    0x0800012c   0x00000000   Code   RO         1909    .ARM.Collect$$$$00000008  mc_w.l(entry7b.o)
    0x0800012c   0x00000000   Code   RO         1911    .ARM.Collect$$$$0000000A  mc_w.l(entry8b.o)
    0x0800012c   0x00000008   Code   RO         1912    .ARM.Collect$$$$0000000B  mc_w.l(entry9a.o)
    0x08000134   0x00000000   Code   RO         1914    .ARM.Collect$$$$0000000D  mc_w.l(entry10a.o)
    0x08000134   0x00000000   Code   RO         1916    .ARM.Collect$$$$0000000F  mc_w.l(entry11a.o)
    0x08000134   0x00000004   Code   RO         1905    .ARM.Collect$$$$00002712  mc_w.l(entry2.o)
    0x08000138   0x00000024   Code   RO         1195    .text               startup_stm32l152xd.o
    0x0800015c   0x00000024   Code   RO         1902    .text               mc_w.l(memseta.o)
    0x08000180   0x00000024   Code   RO         1918    .text               mc_w.l(init.o)
    0x080001a4   0x00000080   Code   RO         1822    i.BSP_LED_Init      stm32l152d_eval.o
    0x08000224   0x0000001c   Code   RO         1823    i.BSP_LED_Off       stm32l152d_eval.o
    0x08000240   0x0000001c   Code   RO         1824    i.BSP_LED_On        stm32l152d_eval.o
    0x0800025c   0x00000018   Code   RO         1825    i.BSP_LED_Toggle    stm32l152d_eval.o
    0x08000274   0x00000002   Code   RO         1084    i.BusFault_Handler  stm32l1xx_it.o
    0x08000276   0x00000002   Code   RO         1085    i.DebugMon_Handler  stm32l1xx_it.o
    0x08000278   0x00000020   Code   RO          892    i.Error_Handler     main.o
    0x08000298   0x00000016   Code   RO          123    i.HAL_Delay         stm32l1xx_hal.o
    0x080002ae   0x00000002   PAD
    0x080002b0   0x000001b0   Code   RO          425    i.HAL_GPIO_Init     stm32l1xx_hal_gpio.o
    0x08000460   0x00000008   Code   RO          428    i.HAL_GPIO_TogglePin  stm32l1xx_hal_gpio.o
    0x08000468   0x0000000a   Code   RO          429    i.HAL_GPIO_WritePin  stm32l1xx_hal_gpio.o
    0x08000472   0x00000002   PAD
    0x08000474   0x0000000c   Code   RO          127    i.HAL_GetTick       stm32l1xx_hal.o
    0x08000480   0x00000010   Code   RO          128    i.HAL_IncTick       stm32l1xx_hal.o
    0x08000490   0x0000002c   Code   RO          129    i.HAL_Init          stm32l1xx_hal.o
    0x080004bc   0x00000028   Code   RO          130    i.HAL_InitTick      stm32l1xx_hal.o
    0x080004e4   0x00000160   Code   RO         1166    i.HAL_MspInit       stm32l1xx_hal_msp.o
    0x08000644   0x00000040   Code   RO          658    i.HAL_NVIC_SetPriority  stm32l1xx_hal_cortex.o
    0x08000684   0x00000024   Code   RO          659    i.HAL_NVIC_SetPriorityGrouping  stm32l1xx_hal_cortex.o
    0x080006a8   0x00000010   Code   RO          261    i.HAL_PWREx_GetVoltageRange  stm32l1xx_hal_pwr_ex.o
    0x080006b8   0x000001d4   Code   RO          316    i.HAL_RCC_ClockConfig  stm32l1xx_hal_rcc.o
    0x0800088c   0x0000008c   Code   RO          325    i.HAL_RCC_GetSysClockFreq  stm32l1xx_hal_rcc.o
    0x08000918   0x00000750   Code   RO          328    i.HAL_RCC_OscConfig  stm32l1xx_hal_rcc.o
    0x08001068   0x00000028   Code   RO          663    i.HAL_SYSTICK_Config  stm32l1xx_hal_cortex.o
    0x08001090   0x00000002   Code   RO         1086    i.HardFault_Handler  stm32l1xx_it.o
    0x08001092   0x00000002   Code   RO         1087    i.MemManage_Handler  stm32l1xx_it.o
    0x08001094   0x00000004   Code   RO         1014    i.MyLinRots_ErrorStateProcess  tsl_user.o
    0x08001098   0x00000002   Code   RO         1015    i.MyLinRots_OffStateProcess  tsl_user.o
    0x0800109a   0x00000002   Code   RO         1088    i.NMI_Handler       stm32l1xx_it.o
    0x0800109c   0x00000020   Code   RO          665    i.NVIC_SetPriority  stm32l1xx_hal_cortex.o
    0x080010bc   0x00000002   Code   RO         1089    i.PendSV_Handler    stm32l1xx_it.o
    0x080010be   0x00000002   PAD
    0x080010c0   0x00000060   Code   RO          893    i.Process_Sensors   main.o
    0x08001120   0x00000078   Code   RO          329    i.RCC_SetFlashLatencyFromMSIRange  stm32l1xx_hal_rcc.o
    0x08001198   0x00000002   Code   RO         1090    i.SVC_Handler       stm32l1xx_it.o
    0x0800119a   0x00000018   Code   RO         1306    i.SoftDelay         tsl_acq_stm32l1xx_sw.o
    0x080011b2   0x0000000e   Code   RO         1091    i.SysTick_Handler   stm32l1xx_it.o
    0x080011c0   0x00000088   Code   RO          894    i.SystemClock_Config  main.o
    0x08001248   0x00000050   Code   RO            5    i.SystemInit        system_stm32l1xx.o
    0x08001298   0x00000004   Code   RO         1092    i.TIM11_IRQHandler  stm32l1xx_it.o
    0x0800129c   0x000000ac   Code   RO         1307    i.TSL_BankConf      tsl_acq_stm32l1xx_sw.o
    0x08001348   0x0000002c   Code   RO         1568    i.TSL_Init          tsl.o
    0x08001374   0x000000bc   Code   RO         1308    i.TSL_acq_BankConfig  tsl_acq_stm32l1xx_sw.o
    0x08001430   0x00000154   Code   RO         1234    i.TSL_acq_BankGetResult  tsl_acq.o
    0x08001584   0x00000476   Code   RO         1309    i.TSL_acq_BankStartAcq  tsl_acq_stm32l1xx_sw.o
    0x080019fa   0x00000004   Code   RO         1310    i.TSL_acq_BankWaitEOC  tsl_acq_stm32l1xx_sw.o
    0x080019fe   0x00000004   Code   RO         1311    i.TSL_acq_CheckNoise  tsl_acq_stm32l1xx_sw.o
    0x08001a02   0x00000006   Code   RO         1312    i.TSL_acq_ComputeDelta  tsl_acq_stm32l1xx_sw.o
    0x08001a08   0x00000006   Code   RO         1313    i.TSL_acq_ComputeMeas  tsl_acq_stm32l1xx_sw.o
    0x08001a0e   0x00000002   PAD
    0x08001a10   0x00000010   Code   RO         1314    i.TSL_acq_GetMeas   tsl_acq_stm32l1xx_sw.o
    0x08001a20   0x00000030   Code   RO         1315    i.TSL_acq_GroupDone  tsl_acq_stm32l1xx_sw.o
    0x08001a50   0x00000338   Code   RO         1316    i.TSL_acq_Init      tsl_acq_stm32l1xx_sw.o
    0x08001d88   0x00000002   Code   RO         1317    i.TSL_acq_ProcessIT  tsl_acq_stm32l1xx_sw.o
    0x08001d8a   0x00000004   Code   RO         1318    i.TSL_acq_TestFirstReferenceIsValid  tsl_acq_stm32l1xx_sw.o
    0x08001d8e   0x00000004   Code   RO         1319    i.TSL_acq_TestReferenceOutOfRange  tsl_acq_stm32l1xx_sw.o
    0x08001d92   0x00000004   Code   RO         1320    i.TSL_acq_UseFilter  tsl_acq_stm32l1xx_sw.o
    0x08001d96   0x00000002   Code   RO         1454    i.TSL_dxs_FirstObj  tsl_dxs.o
    0x08001d98   0x000000ac   Code   RO         1532    i.TSL_ecs_CalcK     tsl_ecs.o
    0x08001e44   0x00000078   Code   RO         1533    i.TSL_ecs_Process   tsl_ecs.o
    0x08001ebc   0x000000bc   Code   RO         1534    i.TSL_ecs_ProcessK  tsl_ecs.o
    0x08001f78   0x0000025c   Code   RO         1592    i.TSL_linrot_CalcPos  tsl_linrot.o
    0x080021d4   0x000000f8   Code   RO         1593    i.TSL_linrot_CalibrationStateProcess  tsl_linrot.o
    0x080022cc   0x00000044   Code   RO         1595    i.TSL_linrot_DebCalibrationStateProcess  tsl_linrot.o
    0x08002310   0x00000044   Code   RO         1596    i.TSL_linrot_DebDetectStateProcess  tsl_linrot.o
    0x08002354   0x0000006c   Code   RO         1597    i.TSL_linrot_DebErrorStateProcess  tsl_linrot.o
    0x080023c0   0x00000044   Code   RO         1598    i.TSL_linrot_DebReleaseDetectStateProcess  tsl_linrot.o
    0x08002404   0x00000044   Code   RO         1599    i.TSL_linrot_DebReleaseTouchStateProcess  tsl_linrot.o
    0x08002448   0x00000070   Code   RO         1600    i.TSL_linrot_DetectStateProcess  tsl_linrot.o
    0x080024b8   0x00000024   Code   RO         1602    i.TSL_linrot_GetStateMask  tsl_linrot.o
    0x080024dc   0x00000058   Code   RO         1603    i.TSL_linrot_Init   tsl_linrot.o
    0x08002534   0x00000020   Code   RO         1605    i.TSL_linrot_NormDelta  tsl_linrot.o
    0x08002554   0x00000050   Code   RO         1606    i.TSL_linrot_Process  tsl_linrot.o
    0x080025a4   0x00000028   Code   RO         1608    i.TSL_linrot_ProcessCh_All_ClearRef  tsl_linrot.o
    0x080025cc   0x00000028   Code   RO         1610    i.TSL_linrot_ProcessCh_All_SetStatus  tsl_linrot.o
    0x080025f4   0x0000002c   Code   RO         1611    i.TSL_linrot_ProcessCh_One_AcqStatusError  tsl_linrot.o
    0x08002620   0x00000030   Code   RO         1612    i.TSL_linrot_ProcessCh_One_DataReady  tsl_linrot.o
    0x08002650   0x00000034   Code   RO         1613    i.TSL_linrot_ProcessCh_One_DeltaAbove  tsl_linrot.o
    0x08002684   0x00000034   Code   RO         1614    i.TSL_linrot_ProcessCh_One_DeltaAboveEqu  tsl_linrot.o
    0x080026b8   0x00000034   Code   RO         1615    i.TSL_linrot_ProcessCh_One_DeltaBelowEquMinus  tsl_linrot.o
    0x080026ec   0x00000080   Code   RO         1616    i.TSL_linrot_ReleaseStateProcess  tsl_linrot.o
    0x0800276c   0x0000005c   Code   RO         1618    i.TSL_linrot_SetStateCalibration  tsl_linrot.o
    0x080027c8   0x00000020   Code   RO         1619    i.TSL_linrot_SetStateOff  tsl_linrot.o
    0x080027e8   0x00000070   Code   RO         1620    i.TSL_linrot_TouchStateProcess  tsl_linrot.o
    0x08002858   0x00000068   Code   RO         1496    i.TSL_obj_GroupInit  tsl_object.o
    0x080028c0   0x00000068   Code   RO         1497    i.TSL_obj_GroupProcess  tsl_object.o
    0x08002928   0x00000020   Code   RO         1498    i.TSL_obj_SetGlobalObj  tsl_object.o
    0x08002948   0x0000005c   Code   RO         1269    i.TSL_tim_CheckDelay_ms  tsl_time.o
    0x080029a4   0x00000034   Code   RO         1271    i.TSL_tim_ProcessIT  tsl_time.o
    0x080029d8   0x00000002   Code   RO         1093    i.UsageFault_Handler  stm32l1xx_it.o
    0x080029da   0x0000000e   Code   RO         1922    i.__scatterload_copy  mc_w.l(handlers.o)
    0x080029e8   0x00000002   Code   RO         1923    i.__scatterload_null  mc_w.l(handlers.o)
    0x080029ea   0x0000000e   Code   RO         1924    i.__scatterload_zeroinit  mc_w.l(handlers.o)
    0x080029f8   0x0000006a   Code   RO          895    i.main              main.o
    0x08002a62   0x00000002   PAD
    0x08002a64   0x00000070   Code   RO         1016    i.tsl_user_Exec     tsl_user.o
    0x08002ad4   0x0000001c   Code   RO         1017    i.tsl_user_Init     tsl_user.o
    0x08002af0   0x00000019   Data   RO            6    .constdata          system_stm32l1xx.o
    0x08002b09   0x00000003   Data   RO         1021    .constdata          tsl_user.o
    0x08002b0c   0x00000001   Data   RO         1022    .constdata          tsl_user.o
    0x08002b0d   0x00000003   PAD
    0x08002b10   0x00000010   Data   RO         1023    .constdata          tsl_user.o
    0x08002b20   0x000000a0   Data   RO         1024    .constdata          tsl_user.o
    0x08002bc0   0x0000000c   Data   RO         1025    .constdata          tsl_user.o
    0x08002bcc   0x00000006   Data   RO         1026    .constdata          tsl_user.o
    0x08002bd2   0x00000002   PAD
    0x08002bd4   0x00000024   Data   RO         1027    .constdata          tsl_user.o
    0x08002bf8   0x00000008   Data   RO         1028    .constdata          tsl_user.o
    0x08002c00   0x00000194   Data   RO         1322    .constdata          tsl_acq_stm32l1xx_sw.o
    0x08002d94   0x00000012   Data   RO         1621    .constdata          tsl_linrot.o
    0x08002da6   0x0000002a   Data   RO         1828    .constdata          stm32l152d_eval.o
    0x08002dd0   0x00000020   Data   RO         1920    Region$$Table       anon$$obj.o


    Execution Region RW_IRAM1 (Base: 0x20000000, Size: 0x000005e0, Max: 0x0000c000, ABSOLUTE)

    Base Addr    Size         Type   Attr      Idx    E Section Name        Object

    0x20000000   0x00000004   Data   RW            8    .data               system_stm32l1xx.o
    0x20000004   0x00000004   Data   RW          135    .data               stm32l1xx_hal.o
    0x20000008   0x0000001c   Data   RW         1029    .data               tsl_user.o
    0x20000024   0x00000010   Data   RW         1030    .data               tsl_user.o
    0x20000034   0x00000008   Data   RW         1031    .data               tsl_user.o
    0x2000003c   0x00000002   Data   RW         1272    .data               tsl_time.o
    0x2000003e   0x00000002   PAD
    0x20000040   0x00000074   Data   RW         1323    .data               tsl_acq_stm32l1xx_sw.o
    0x200000b4   0x0000000a   Data   RW         1622    .data               tsl_linrot.o
    0x200000be   0x00000002   PAD
    0x200000c0   0x0000003c   Data   RW         1833    .data               stm32l152d_eval.o
    0x200000fc   0x0000000c   Zero   RW         1019    .bss                tsl_user.o
    0x20000108   0x0000000a   Zero   RW         1020    .bss                tsl_user.o
    0x20000112   0x00000002   PAD
    0x20000114   0x000000b4   Zero   RW         1321    .bss                tsl_acq_stm32l1xx_sw.o
    0x200001c8   0x00000018   Zero   RW         1794    .bss                tsl_globals.o
    0x200001e0   0x00000400   Zero   RW         1192    STACK               startup_stm32l152xd.o


==============================================================================

Image component sizes


      Code (inc. data)   RO Data    RW Data    ZI Data      Debug   Object Name

       370         16          0          0          0      24022   main.o
        36          8        292          0       1024        856   startup_stm32l152xd.o
       208         42         42         60          0       5007   stm32l152d_eval.o
       134         22          0          4          0       4439   stm32l1xx_hal.o
       172         14          0          0          0      27670   stm32l1xx_hal_cortex.o
       450         40          0          0          0       3465   stm32l1xx_hal_gpio.o
       352         38          0          0          0       1362   stm32l1xx_hal_msp.o
        16          6          0          0          0        656   stm32l1xx_hal_pwr_ex.o
      2600         76          0          0          0       6194   stm32l1xx_hal_rcc.o
        34          0          0          0          0       5097   stm32l1xx_it.o
        80         18         25          4          0     386923   system_stm32l1xx.o
        44         12          0          0          0       1179   tsl.o
       340         10          0          0          0       2224   tsl_acq.o
      2448         88        404        116        180      17206   tsl_acq_stm32l1xx_sw.o
         2          0          0          0          0       1643   tsl_dxs.o
       480         20          0          0          0       4865   tsl_ecs.o
         0          0          0          0         24       1243   tsl_globals.o
      2272        138         18         10          0      22252   tsl_linrot.o
       240         12          0          0          0       3274   tsl_object.o
       144         14          0          2          0       2180   tsl_time.o
       146         14        242         52         22       6089   tsl_user.o

    ----------------------------------------------------------------------
     10578        588       1060        252       1252     527846   Object Totals
         0          0         32          0          0          0   (incl. Generated)
        10          0          5          4          2          0   (incl. Padding)

    ----------------------------------------------------------------------

      Code (inc. data)   RO Data    RW Data    ZI Data      Debug   Library Member Name

         0          0          0          0          0          0   entry.o
         0          0          0          0          0          0   entry10a.o
         0          0          0          0          0          0   entry11a.o
         8          4          0          0          0          0   entry2.o
         4          0          0          0          0          0   entry5.o
         0          0          0          0          0          0   entry7b.o
         0          0          0          0          0          0   entry8b.o
         8          4          0          0          0          0   entry9a.o
        30          0          0          0          0          0   handlers.o
        36          8          0          0          0         68   init.o
        36          0          0          0          0        108   memseta.o

    ----------------------------------------------------------------------
       122         16          0          0          0        176   Library Totals
         0          0          0          0          0          0   (incl. Padding)

    ----------------------------------------------------------------------

      Code (inc. data)   RO Data    RW Data    ZI Data      Debug   Library Name

       122         16          0          0          0        176   mc_w.l

    ----------------------------------------------------------------------
       122         16          0          0          0        176   Library Totals

    ----------------------------------------------------------------------

==============================================================================


      Code (inc. data)   RO Data    RW Data    ZI Data      Debug   

     10700        604       1060        252       1252     523806   Grand Totals
     10700        604       1060        252       1252     523806   ELF Image Totals
     10700        604       1060        252          0          0   ROM Totals

==============================================================================

    Total RO  Size (Code + RO Data)                11760 (  11.48kB)
    Total RW  Size (RW Data + ZI Data)              1504 (   1.47kB)
    Total ROM Size (Code + RO Data + RW Data)      12012 (  11.73kB)

==============================================================================

